[    0.000000] Initializing cgroup subsys cpuset
[    0.000000] Initializing cgroup subsys cpu
[    0.000000] Initializing cgroup subsys cpuacct
[    0.000000] Linux version 4.4.0-157-generic (buildd@lgw01-amd64-031) (gcc version 5.4.0 20160609 (Ubuntu 5.4.0-6ubuntu1~16.04.10) ) #185-Ubuntu SMP Tue Jul 23 09:15:44 UTC 2019 (Ubuntu 4.4.0-157.185-generic 4.4.181)
[    0.000000] KERNEL supported cpus:
[    0.000000]   Intel GenuineIntel
[    0.000000]   AMD AuthenticAMD
[    0.000000]   NSC Geode by NSC
[    0.000000]   Cyrix CyrixInstead
[    0.000000]   Centaur CentaurHauls
[    0.000000]   Transmeta GenuineTMx86
[    0.000000]   Transmeta TransmetaCPU
[    0.000000]   UMC UMC UMC UMC
[    0.000000] x86/fpu: xstate_offset[2]:  576, xstate_sizes[2]:  256
[    0.000000] x86/fpu: Supporting XSAVE feature 0x01: 'x87 floating point registers'
[    0.000000] x86/fpu: Supporting XSAVE feature 0x02: 'SSE registers'
[    0.000000] x86/fpu: Supporting XSAVE feature 0x04: 'AVX registers'
[    0.000000] x86/fpu: Enabled xstate features 0x7, context size is 832 bytes, using 'standard' format.
[    0.000000] e820: BIOS-provided physical RAM map:
[    0.000000] BIOS-e820: [mem 0x0000000000000000-0x000000000009fbff] usable
[    0.000000] BIOS-e820: [mem 0x000000000009fc00-0x000000000009ffff] reserved
[    0.000000] BIOS-e820: [mem 0x00000000000f0000-0x00000000000fffff] reserved
[    0.000000] BIOS-e820: [mem 0x0000000000100000-0x000000003ffeffff] usable
[    0.000000] BIOS-e820: [mem 0x000000003fff0000-0x000000003fffffff] ACPI data
[    0.000000] BIOS-e820: [mem 0x00000000fec00000-0x00000000fec00fff] reserved
[    0.000000] BIOS-e820: [mem 0x00000000fee00000-0x00000000fee00fff] reserved
[    0.000000] BIOS-e820: [mem 0x00000000fffc0000-0x00000000ffffffff] reserved
[    0.000000] NX (Execute Disable) protection: active
[    0.000000] SMBIOS 2.5 present.
[    0.000000] Hypervisor detected: KVM
[    0.000000] e820: last_pfn = 0x3fff0 max_arch_pfn = 0x1000000
[    0.000000] MTRR: Disabled
[    0.000000] x86/PAT: MTRRs disabled, skipping PAT initialization too.
[    0.000000] CPU MTRRs all blank - virtualized system.
[    0.000000] x86/PAT: Configuration [0-7]: WB  WT  UC- UC  WB  WT  UC- UC  
[    0.000000] found SMP MP-table at [mem 0x0009fff0-0x0009ffff] mapped at [c009fff0]
[    0.000000] Scanning 1 areas for low memory corruption
[    0.000000] RAMDISK: [mem 0x36312000-0x37180fff]
[    0.000000] ACPI: Early table checksum verification disabled
[    0.000000] ACPI: RSDP 0x00000000000E0000 000024 (v02 VBOX  )
[    0.000000] ACPI: XSDT 0x000000003FFF0030 00003C (v01 VBOX   VBOXXSDT 00000001 ASL  00000061)
[    0.000000] ACPI: FACP 0x000000003FFF00F0 0000F4 (v04 VBOX   VBOXFACP 00000001 ASL  00000061)
[    0.000000] ACPI: DSDT 0x000000003FFF0470 0021FF (v02 VBOX   VBOXBIOS 00000002 INTL 20100528)
[    0.000000] ACPI: FACS 0x000000003FFF0200 000040
[    0.000000] ACPI: FACS 0x000000003FFF0200 000040
[    0.000000] ACPI: APIC 0x000000003FFF0240 00005C (v02 VBOX   VBOXAPIC 00000001 ASL  00000061)
[    0.000000] ACPI: SSDT 0x000000003FFF02A0 0001CC (v01 VBOX   VBOXCPUT 00000002 INTL 20100528)
[    0.000000] 131MB HIGHMEM available.
[    0.000000] 891MB LOWMEM available.
[    0.000000]   mapped low ram: 0 - 37bfe000
[    0.000000]   low ram: 0 - 37bfe000
[    0.000000] kvm-clock: Using msrs 4b564d01 and 4b564d00
[    0.000000] kvm-clock: cpu 0, msr 0:37bfd001, primary cpu clock
[    0.000000] kvm-clock: using sched offset of 12556898183 cycles
[    0.000000] clocksource: kvm-clock: mask: 0xffffffffffffffff max_cycles: 0x1cd42e4dffb, max_idle_ns: 881590591483 ns
[    0.000000] Zone ranges:
[    0.000000]   DMA      [mem 0x0000000000001000-0x0000000000ffffff]
[    0.000000]   Normal   [mem 0x0000000001000000-0x0000000037bfdfff]
[    0.000000]   HighMem  [mem 0x0000000037bfe000-0x000000003ffeffff]
[    0.000000] Movable zone start for each node
[    0.000000] Early memory node ranges
[    0.000000]   node   0: [mem 0x0000000000001000-0x000000000009efff]
[    0.000000]   node   0: [mem 0x0000000000100000-0x000000003ffeffff]
[    0.000000] Initmem setup node 0 [mem 0x0000000000001000-0x000000003ffeffff]
[    0.000000] Using APIC driver default
[    0.000000] ACPI: PM-Timer IO Port: 0x4008
[    0.000000] IOAPIC[0]: apic_id 2, version 32, address 0xfec00000, GSI 0-23
[    0.000000] ACPI: INT_SRC_OVR (bus 0 bus_irq 0 global_irq 2 dfl dfl)
[    0.000000] ACPI: INT_SRC_OVR (bus 0 bus_irq 9 global_irq 9 low level)
[    0.000000] Using ACPI (MADT) for SMP configuration information
[    0.000000] smpboot: Allowing 2 CPUs, 0 hotplug CPUs
[    0.000000] PM: Registered nosave memory: [mem 0x00000000-0x00000fff]
[    0.000000] PM: Registered nosave memory: [mem 0x0009f000-0x0009ffff]
[    0.000000] PM: Registered nosave memory: [mem 0x000a0000-0x000effff]
[    0.000000] PM: Registered nosave memory: [mem 0x000f0000-0x000fffff]
[    0.000000] e820: [mem 0x40000000-0xfebfffff] available for PCI devices
[    0.000000] Booting paravirtualized kernel on KVM
[    0.000000] clocksource: refined-jiffies: mask: 0xffffffff max_cycles: 0xffffffff, max_idle_ns: 7645519600211568 ns
[    0.000000] setup_percpu: NR_CPUS:8 nr_cpumask_bits:8 nr_cpu_ids:2 nr_node_ids:1
[    0.000000] PERCPU: Embedded 19 pages/cpu @f71b0000 s47372 r0 d30452 u77824
[    0.000000] Built 1 zonelists in Zone order, mobility grouping on.  Total pages: 259800
[    0.000000] Kernel command line: BOOT_IMAGE=/boot/vmlinuz-4.4.0-157-generic root=UUID=605eeaef-31fd-41ed-8504-34f290756b9e ro console=tty1 console=ttyS0
[    0.000000] PID hash table entries: 4096 (order: 2, 16384 bytes)
[    0.000000] Dentry cache hash table entries: 131072 (order: 7, 524288 bytes)
[    0.000000] Inode-cache hash table entries: 65536 (order: 6, 262144 bytes)
[    0.000000] Initializing CPU#0
[    0.000000] Initializing HighMem for node 0 (00037bfe:0003fff0)
[    0.000000] Initializing Movable for node 0 (00000000:00000000)
[    0.000000] Memory: 1007960K/1048120K available (8109K kernel code, 789K rwdata, 3204K rodata, 940K init, 784K bss, 40160K reserved, 0K cma-reserved, 135112K highmem)
[    0.000000] virtual kernel memory layout:
[    0.000000]     fixmap  : 0xfff15000 - 0xfffff000   ( 936 kB)
[    0.000000]     pkmap   : 0xffc00000 - 0xffe00000   (2048 kB)
[    0.000000]     vmalloc : 0xf83fe000 - 0xffbfe000   ( 120 MB)
[    0.000000]     lowmem  : 0xc0000000 - 0xf7bfe000   ( 891 MB)
[    0.000000]       .init : 0xc1bd5000 - 0xc1cc0000   ( 940 kB)
[    0.000000]       .data : 0xc17eb908 - 0xc1bd3600   (3999 kB)
[    0.000000]       .text : 0xc1000000 - 0xc17eb908   (8110 kB)
[    0.000000] Checking if this processor honours the WP bit even in supervisor mode...Ok.
[    0.000000] SLUB: HWalign=64, Order=0-3, MinObjects=0, CPUs=2, Nodes=1
[    0.000000] Hierarchical RCU implementation.
[    0.000000] 	Build-time adjustment of leaf fanout to 32.
[    0.000000] 	RCU restricting CPUs from NR_CPUS=8 to nr_cpu_ids=2.
[    0.000000] RCU: Adjusting geometry for rcu_fanout_leaf=32, nr_cpu_ids=2
[    0.000000] NR_IRQS:2304 nr_irqs:440 16
[    0.000000] Console: colour VGA+ 80x25
[    0.000000] console [tty1] enabled
[    0.000000] console [ttyS0] enabled
[    0.000000] allocated 1048576 bytes of page_ext
[    0.000000] tsc: Detected 2904.002 MHz processor
[    3.383564] Calibrating delay loop (skipped) preset value.. 5808.00 BogoMIPS (lpj=11616008)
[    3.424398] pid_max: default: 32768 minimum: 301
[    3.445549] ACPI: Core revision 20150930
[    3.465897] ACPI: 2 ACPI AML tables successfully acquired and loaded
[    3.502114] Security Framework initialized
[    3.521545] Yama: becoming mindful.
[    3.540182] AppArmor: AppArmor initialized
[    3.560101] Mount-cache hash table entries: 2048 (order: 1, 8192 bytes)
[    3.586757] Mountpoint-cache hash table entries: 2048 (order: 1, 8192 bytes)
[    3.615259] Initializing cgroup subsys io
[    3.634274] Initializing cgroup subsys memory
[    3.654189] Initializing cgroup subsys devices
[    3.675453] Initializing cgroup subsys freezer
[    3.695893] Initializing cgroup subsys net_cls
[    3.716167] Initializing cgroup subsys perf_event
[    3.738258] Initializing cgroup subsys net_prio
[    3.758770] Initializing cgroup subsys hugetlb
[    3.779354] Initializing cgroup subsys pids
[    3.802584] mce: CPU supports 0 MCE banks
[    3.822698] Last level iTLB entries: 4KB 64, 2MB 8, 4MB 8
[    3.845809] Last level dTLB entries: 4KB 64, 2MB 0, 4MB 0, 1GB 4
[    3.871478] Spectre V2 : Mitigation: Full generic retpoline
[    3.896637] Spectre V2 : Spectre v2 / SpectreRSB mitigation: Filling RSB on context switch
[    3.933634] Speculative Store Bypass: Vulnerable
[    3.955211] MDS: Vulnerable: Clear CPU buffers attempted, no microcode
[    4.024716] Freeing SMP alternatives memory: 36K
[    4.110489] ftrace: allocating 31585 entries in 62 pages
[    4.631579] smpboot: APIC(0) Converting physical 0 to logical package 0
[    4.659644] smpboot: Max logical packages: 1
[    4.681778] Enabling APIC mode:  Flat.  Using 1 I/O APICs
[    4.732211] ..TIMER: vector=0x30 apic1=0 pin1=2 apic2=-1 pin2=-1
[    4.864620] smpboot: CPU0: Intel(R) Core(TM) i7-7500U CPU @ 2.70GHz (family: 0x6, model: 0x8e, stepping: 0x9)
[    4.962653] Performance Events: unsupported p6 CPU model 142 no PMU driver, software events only.
[    5.111228] KVM setup paravirtual spinlock
[    5.132034] x86: Booting SMP configuration:
[    5.151738] .... node  #0, CPUs:      #1
[1266874877.152653] Initializing CPU#1
[    5.183437] kvm-clock: cpu 1, msr 0:37bfd041, secondary cpu clock
[    5.214934] mce: CPU supports 0 MCE banks
[    5.234965] x86: Booted up 1 node, 2 CPUs
[    5.258209] smpboot: Total of 2 processors activated (11616.00 BogoMIPS)
[    5.292238] devtmpfs: initialized
[    5.309243] evm: security.selinux
[    5.328887] evm: security.SMACK64
[    5.348395] evm: security.SMACK64EXEC
[    5.365962] evm: security.SMACK64TRANSMUTE
[    5.386994] evm: security.SMACK64MMAP
[    5.406089] evm: security.ima
[    5.430013] evm: security.capability
[    5.452713] clocksource: jiffies: mask: 0xffffffff max_cycles: 0xffffffff, max_idle_ns: 7645041785100000 ns
[    5.506660] futex hash table entries: 512 (order: 3, 32768 bytes)
[    5.545809] pinctrl core: initialized pinctrl subsystem
[    5.576306] RTC time: 20:24:22, date: 07/30/19
[    5.602060] NET: Registered protocol family 16
[    5.624570] EISA bus registered
[    5.648984] cpuidle: using governor ladder
[    5.677310] cpuidle: using governor menu
[    5.696123] PCCT header not found.
[    5.713784] ACPI: bus type PCI registered
[    5.733321] acpiphp: ACPI Hot Plug PCI Controller Driver version: 0.5
[    5.762150] PCI : PCI BIOS area is rw and x. Use pci=nobios if you want it NX.
[    5.796227] PCI: PCI BIOS revision 2.10 entry at 0xfda26, last bus=0
[    5.822946] PCI: Using configuration type 1 for base access
[    5.864922] ACPI: Added _OSI(Module Device)
[    5.884748] ACPI: Added _OSI(Processor Device)
[    5.905809] ACPI: Added _OSI(3.0 _SCP Extensions)
[    5.927880] ACPI: Added _OSI(Processor Aggregator Device)
[    5.960079] ACPI: Executed 1 blocks of module-level executable AML code
[    5.999260] ACPI: Interpreter enabled
[    6.017387] ACPI: (supports S0 S5)
[    6.034920] ACPI: Using IOAPIC for interrupt routing
[    6.058174] PCI: Using host bridge windows from ACPI; if necessary, use "pci=nocrs" and report a bug
[    6.121738] ACPI: PCI Root Bridge [PCI0] (domain 0000 [bus 00-ff])
[    6.353623] acpi PNP0A03:00: _OSC: OS supports [ASPM ClockPM Segments MSI]
[    6.383447] acpi PNP0A03:00: _OSC: not requesting OS control; OS requires [ExtendedConfig ASPM ClockPM MSI]
[    6.432547] acpi PNP0A03:00: fail to add MMCONFIG information, can't access extended PCI configuration space under this bridge.
[    6.486257] PCI host bridge to bus 0000:00
[    6.506160] pci_bus 0000:00: root bus resource [io  0x0000-0x0cf7 window]
[    6.534758] pci_bus 0000:00: root bus resource [io  0x0d00-0xffff window]
[    6.562757] pci_bus 0000:00: root bus resource [mem 0x000a0000-0x000bffff window]
[    6.607832] pci_bus 0000:00: root bus resource [mem 0x40000000-0xfdffffff window]
[    6.654764] pci_bus 0000:00: root bus resource [bus 00-ff]
[    6.730411] pci 0000:00:01.1: legacy IDE quirk: reg 0x10: [io  0x01f0-0x01f7]
[    6.759441] pci 0000:00:01.1: legacy IDE quirk: reg 0x14: [io  0x03f6]
[    6.787539] pci 0000:00:01.1: legacy IDE quirk: reg 0x18: [io  0x0170-0x0177]
[    6.818258] pci 0000:00:01.1: legacy IDE quirk: reg 0x1c: [io  0x0376]
[    6.990503] pci 0000:00:07.0: quirk: [io  0x4000-0x403f] claimed by PIIX4 ACPI
[    7.025603] pci 0000:00:07.0: quirk: [io  0x4100-0x410f] claimed by PIIX4 SMB
[    7.107148] ACPI: PCI Interrupt Link [LNKA] (IRQs 5 9 10 *11)
[    7.147134] ACPI: PCI Interrupt Link [LNKB] (IRQs 5 9 *10 11)
[    7.186392] ACPI: PCI Interrupt Link [LNKC] (IRQs 5 *9 10 11)
[    7.227569] ACPI: PCI Interrupt Link [LNKD] (IRQs 5 9 10 *11)
[    7.267731] ACPI: Enabled 2 GPEs in block 00 to 07
[    7.296894] vgaarb: setting as boot device: PCI:0000:00:02.0
[    7.321111] vgaarb: device added: PCI:0000:00:02.0,decodes=io+mem,owns=io+mem,locks=none
[    7.357795] vgaarb: loaded
[    7.372704] vgaarb: bridge control possible 0000:00:02.0
[    7.400672] SCSI subsystem initialized
[    7.421969] ACPI: bus type USB registered
[    7.441618] usbcore: registered new interface driver usbfs
[    7.465766] usbcore: registered new interface driver hub
[    7.490813] usbcore: registered new device driver usb
[    7.516968] PCI: Using ACPI for IRQ routing
[    7.541849] NetLabel: Initializing
[    7.560232] NetLabel:  domain hash size = 128
[    7.582446] NetLabel:  protocols = UNLABELED CIPSOv4
[    7.605267] NetLabel:  unlabeled traffic allowed by default
[    7.630762] amd_nb: Cannot enumerate AMD northbridges
[    7.654736] clocksource: Switched to clocksource kvm-clock
[    7.692137] AppArmor: AppArmor Filesystem Enabled
[    7.717695] pnp: PnP ACPI init
[    7.748315] pnp: PnP ACPI: found 3 devices
[    7.773269] PnPBIOS: Disabled by ACPI PNP
[    7.912253] clocksource: acpi_pm: mask: 0xffffff max_cycles: 0xffffff, max_idle_ns: 2085701024 ns
[    7.958108] NET: Registered protocol family 2
[    7.982142] TCP established hash table entries: 8192 (order: 3, 32768 bytes)
[    8.011972] TCP bind hash table entries: 8192 (order: 4, 65536 bytes)
[    8.039438] TCP: Hash tables configured (established 8192 bind 8192)
[    8.093517] UDP hash table entries: 512 (order: 2, 16384 bytes)
[    8.129398] UDP-Lite hash table entries: 512 (order: 2, 16384 bytes)
[    8.160632] NET: Registered protocol family 1
[    8.181071] pci 0000:00:00.0: Limiting direct PCI/PCI transfers
[    8.206990] pci 0000:00:01.0: Activating ISA DMA hang workarounds
[    8.237514] Unpacking initramfs...
[    8.636196] Freeing initrd memory: 14780K
[    8.659835] clocksource: tsc: mask: 0xffffffffffffffff max_cycles: 0x29dc079b5d9, max_idle_ns: 440795223751 ns
[    8.709259] platform rtc_cmos: registered platform RTC device (no PNP device found)
[    8.746187] Scanning for low memory corruption every 60 seconds
[    8.777150] audit: initializing netlink subsys (disabled)
[    8.801709] audit: type=2000 audit(1564518272.814:1): initialized
[    8.833914] Initialise system trusted keyring
[    8.864969] HugeTLB registered 2 MB page size, pre-allocated 0 pages
[    8.898414] zbud: loaded
[    8.918350] VFS: Disk quotas dquot_6.6.0
[    8.948598] VFS: Dquot-cache hash table entries: 1024 (order 0, 4096 bytes)
[    8.981479] squashfs: version 4.0 (2009/01/31) Phillip Lougher
[    9.009942] fuse init (API version 7.23)
[    9.032091] Key type big_key registered
[    9.050366] Allocating IMA MOK and blacklist keyrings.
[    9.094152] Key type asymmetric registered
[    9.113336] Asymmetric key parser 'x509' registered
[    9.135805] bounce: pool size: 64 pages
[    9.154164] Block layer SCSI generic (bsg) driver version 0.4 loaded (major 249)
[    9.225169] io scheduler noop registered
[    9.289918] io scheduler deadline registered (default)
[    9.337430] io scheduler cfq registered
[    9.365643] pci_hotplug: PCI Hot Plug PCI Core version: 0.5
[    9.398316] pciehp: PCI Express Hot Plug Controller Driver version: 0.4
[    9.434104] ACPI: AC Adapter [AC] (on-line)
[    9.456717] input: Power Button as /devices/LNXSYSTM:00/LNXPWRBN:00/input/input0
[    9.505450] ACPI: Power Button [PWRF]
[    9.530841] input: Sleep Button as /devices/LNXSYSTM:00/LNXSLPBN:00/input/input1
[    9.580945] ACPI: Sleep Button [SLPF]
[    9.612727] GHES: HEST is not enabled!
[    9.616187] ACPI: Battery Slot [BAT0] (battery present)
[    9.671910] isapnp: Scanning for PnP cards...
[    9.672123] Serial: 8250/16550 driver, 32 ports, IRQ sharing enabled
[    9.788557] 00:02: ttyS0 at I/O 0x3f8 (irq = 4, base_baud = 115200) is a 16550A
[    9.823562] Linux agpgart interface v0.103
[    9.888129] loop: module loaded
[    9.920745] scsi host0: ata_piix
[    9.945962] scsi host1: ata_piix
[    9.966459] ata1: PATA max UDMA/33 cmd 0x1f0 ctl 0x3f6 bmdma 0xd000 irq 14
[   10.421449] isapnp: No Plug & Play device found
[   10.680831] ata2: PATA max UDMA/33 cmd 0x170 ctl 0x376 bmdma 0xd008 irq 15
[   10.716454] libphy: Fixed MDIO Bus: probed
[   10.739242] tun: Universal TUN/TAP device driver, 1.6
[   10.766647] tun: (C) 1999-2004 Max Krasnyansky <maxk@qualcomm.com>
[   10.795387] PPP generic driver version 2.4.2
[   10.822627] ehci_hcd: USB 2.0 'Enhanced' Host Controller (EHCI) Driver
[   10.857598] ehci-pci: EHCI PCI platform driver
[   10.885116] ehci-platform: EHCI generic platform driver
[   10.908236] ohci_hcd: USB 1.1 'Open' Host Controller (OHCI) Driver
[   10.940921] ohci-pci: OHCI PCI platform driver
[   10.967523] ohci-platform: OHCI generic platform driver
[   10.991281] uhci_hcd: USB Universal Host Controller Interface driver
[   11.018897] i8042: PNP: PS/2 Controller [PNP0303:PS2K,PNP0f03:PS2M] at 0x60,0x64 irq 1,12
[   11.063181] serio: i8042 KBD port at 0x60,0x64 irq 1
[   11.086284] serio: i8042 AUX port at 0x60,0x64 irq 12
[   11.114015] mousedev: PS/2 mouse device common for all mice
[   11.161791] input: AT Translated Set 2 keyboard as /devices/platform/i8042/serio0/input/input2
[   11.165133] rtc_cmos rtc_cmos: rtc core: registered rtc_cmos as rtc0
[   11.166325] rtc_cmos rtc_cmos: alarms up to one day, 114 bytes nvram
[   11.166342] i2c /dev entries driver
[   11.166572] device-mapper: uevent: version 1.0.3
[   11.166637] device-mapper: ioctl: 4.34.0-ioctl (2015-10-28) initialised: dm-devel@redhat.com
[   11.166661] platform eisa.0: Probing EISA bus 0
[   11.166663] platform eisa.0: EISA: Cannot allocate resource for mainboard
[   11.166664] platform eisa.0: Cannot allocate resource for EISA slot 1
[   11.166665] platform eisa.0: Cannot allocate resource for EISA slot 2
[   11.166666] platform eisa.0: Cannot allocate resource for EISA slot 3
[   11.166667] platform eisa.0: Cannot allocate resource for EISA slot 4
[   11.166668] platform eisa.0: Cannot allocate resource for EISA slot 5
[   11.166668] platform eisa.0: Cannot allocate resource for EISA slot 6
[   11.166669] platform eisa.0: Cannot allocate resource for EISA slot 7
[   11.166670] platform eisa.0: Cannot allocate resource for EISA slot 8
[   11.166671] platform eisa.0: EISA: Detected 0 cards
[   11.166689] cpufreq-nforce2: No nForce2 chipset.
[   11.166698] ledtrig-cpu: registered to indicate activity on CPUs
[   11.167791] NET: Registered protocol family 10
[   11.168597] NET: Registered protocol family 17
[   11.168609] Key type dns_resolver registered
[   11.168789] Using IPI No-Shortcut mode
[   11.168908] registered taskstats version 1
[   11.169085] Loading compiled-in X.509 certificates
[   11.172786] Loaded X.509 cert 'Build time autogenerated kernel key: acfbf138b51a0ba0f13857dfcd45471466c21f74'
[   11.172820] zswap: loaded using pool lzo/zbud
[   11.174942] Key type trusted registered
[   11.180715] Key type encrypted registered
[   11.180722] AppArmor: AppArmor sha1 policy hashing enabled
[   11.180800] ima: No TPM chip found, activating TPM-bypass!
[   11.180806] ima: Allocated hash algorithm: sha1
[   11.180821] evm: HMAC attrs: 0x1
[   11.184724]   Magic number: 11:757:448
[   11.184726]   hash matches /build/linux-Jlggvw/linux-4.4.0/drivers/base/power/main.c:515
[   11.184751] acpi APP0001:00: hash matches
[   11.215967] rtc_cmos rtc_cmos: setting system clock to 2019-07-30 20:24:27 UTC (1564518267)
[   11.216064] BIOS EDD facility v0.16 2004-Jun-25, 0 devices found
[   11.216065] EDD information not available.
[   12.298134] Freeing unused kernel memory: 940K
[   12.346351] Write protecting the kernel text: 8112k
[   12.374129] Write protecting the kernel read-only data: 3208k
[   12.404425] NX-protecting the kernel data: 6224k
Loading, please wait...
starting version[   12.494253] random: systemd-udevd: uninitialized urandom read (16 bytes read, 6 bits of entropy available)
 229
[   12.522779] random: udevadm: uninitialized urandom read (16 bytes read, 6 bits of entropy available)
[   12.537275] random: udevadm: uninitialized urandom read (16 bytes read, 6 bits of entropy available)
[   12.537455] random: udevadm: uninitialized urandom read (16 bytes read, 6 bits of entropy available)
[   12.537579] random: udevadm: uninitialized urandom read (16 bytes read, 6 bits of entropy available)
[   12.537630] random: udevadm: uninitialized urandom read (16 bytes read, 6 bits of entropy available)
[   12.537669] random: udevadm: uninitialized urandom read (16 bytes read, 6 bits of entropy available)
[   12.537712] random: udevadm: uninitialized urandom read (16 bytes read, 6 bits of entropy available)
[   12.537754] random: udevadm: uninitialized urandom read (16 bytes read, 6 bits of entropy available)
[   12.537858] random: udevadm: uninitialized urandom read (16 bytes read, 6 bits of entropy available)
[   13.507609] Fusion MPT base driver 3.04.20
[   13.544238] Copyright (c) 1999-2008 LSI Corporation
[   13.625523] e1000: Intel(R) PRO/1000 Network Driver - version 7.3.21-k8-NAPI
[   13.671250] e1000: Copyright (c) 1999-2006 Intel Corporation.
[   13.845533] Fusion MPT SPI Host driver 3.04.20
[   14.069618] input: ImExPS/2 Generic Explorer Mouse as /devices/platform/i8042/serio1/input/input4
[   15.797963] e1000 0000:00:03.0 eth0: (PCI:33MHz:32-bit) 02:29:df:e4:9c:08
[   15.826036] e1000 0000:00:03.0 eth0: Intel(R) PRO/1000 Network Connection
[   15.861562] mptbase: ioc0: Initiating bringup
[   15.887432] e1000 0000:00:03.0 enp0s3: renamed from eth0
[   15.951289] ioc0: LSI53C1030 A0: Capabilities={Initiator}
[   16.184225] scsi host2: ioc0: LSI53C1030 A0, FwRev=00000000h, Ports=1, MaxQ=256, IRQ=20
[   16.344835] scsi 2:0:0:0: Direct-Access     VBOX     HARDDISK         1.0  PQ: 0 ANSI: 5
[   16.400759] scsi target2:0:0: Beginning Domain Validation
[   16.441221] scsi target2:0:0: Domain Validation skipping write tests
[   16.467155] scsi target2:0:0: Ending Domain Validation
[   16.491201] scsi target2:0:0: asynchronous
[   16.515953] scsi 2:0:1:0: Direct-Access     VBOX     HARDDISK         1.0  PQ: 0 ANSI: 5
[   16.551637] scsi target2:0:1: Beginning Domain Validation
[   16.591100] scsi target2:0:1: Domain Validation skipping write tests
[   16.618981] scsi target2:0:1: Ending Domain Validation
[   16.641512] scsi target2:0:1: asynchronous
[   16.716709] sd 2:0:0:0: Attached scsi generic sg0 type 0
[   16.718472] sd 2:0:0:0: [sda] 20971520 512-byte logical blocks: (10.7 GB/10.0 GiB)
[   16.719756] sd 2:0:0:0: [sda] Write Protect is off
[   16.720361] sd 2:0:0:0: [sda] Incomplete mode parameter data
[   16.720362] sd 2:0:0:0: [sda] Assuming drive cache: write through
[   16.747800]  sda: sda1
[   16.752800] sd 2:0:0:0: [sda] Attached SCSI disk
[   16.901542] sd 2:0:1:0: [sdb] 20480 512-byte logical blocks: (10.5 MB/10.0 MiB)
[   16.936913] sd 2:0:1:0: Attached scsi generic sg1 type 0
[   16.968166] sd 2:0:1:0: [sdb] Write Protect is off
[   16.993942] sd 2:0:1:0: [sdb] Incomplete mode parameter data
[   17.020849] sd 2:0:1:0: [sdb] Assuming drive cache: write through
[   17.330497] sd 2:0:1:0: [sdb] Attached SCSI disk
Begin: Loading essential drivers ... [   24.762751] md: linear personality registered for level -1
[   24.800565] md: multipath personality registered for level -4
[   24.836059] md: raid0 personality registered for level 0
[   24.892115] md: raid1 personality registered for level 1
[   25.003341] raid6: mmxx1    gen()  4861 MB/s
[   25.091181] raid6: mmxx2    gen()  5268 MB/s
[   25.179086] raid6: sse1x1   gen()  4890 MB/s
[   25.267107] raid6: sse1x2   gen()  5451 MB/s
[   25.355208] raid6: sse2x1   gen()  9672 MB/s
[   25.443091] raid6: sse2x1   xor()  6608 MB/s
[   25.531077] raid6: sse2x2   gen() 11893 MB/s
[   25.619166] raid6: sse2x2   xor()  7886 MB/s
[   25.707274] raid6: avx2x1   gen() 17187 MB/s
[   25.795353] raid6: avx2x2   gen() 16139 MB/s
[   25.815439] raid6: using algorithm avx2x1 gen() 17187 MB/s
[   25.839950] raid6: using avx2x1 recovery algorithm
[   25.871604] xor: automatically using best checksumming function:
[   25.936395]    avx       : 21454.000 MB/sec
[   25.964206] async_tx: api initialized (async)
[   26.089302] md: raid6 personality registered for level 6
[   26.115395] md: raid5 personality registered for level 5
[   26.139886] md: raid4 personality registered for level 4
[   26.211683] md: raid10 personality registered for level 10
done.
Begin: Running /scripts/init-premount ... done.
Begin: Mounting root file system ... Begin: Running /scripts/local-top ... done.
Begin: Running /scripts/local-premount ... [   26.410544] Btrfs loaded
Scanning for Btrfs filesystems
done.
Warning: fsck not present, so skipping root file system
[   26.756688] EXT4-fs (sda1): INFO: recovery required on readonly filesystem
[   26.787719] EXT4-fs (sda1): write access will be enabled during recovery
[   27.009952] random: nonblocking pool is initialized
[   27.618068] EXT4-fs (sda1): orphan cleanup on readonly fs
[   28.812143] EXT4-fs (sda1): 5 orphan inodes deleted
[   28.865138] EXT4-fs (sda1): recovery complete
[   28.901878] EXT4-fs (sda1): mounted filesystem with ordered data mode. Opts: (null)
done.
Begin: Running /scripts/local-bottom ... done.
Begin: Running /scripts/init-bottom ... done.
[   30.472139] systemd[1]: systemd 229 running in system mode. (+PAM +AUDIT +SELINUX +IMA +APPARMOR +SMACK +SYSVINIT +UTMP +LIBCRYPTSETUP +GCRYPT +GNUTLS +ACL +XZ -LZ4 +SECCOMP +BLKID +ELFUTILS +KMOD -IDN)
[   30.544548] systemd[1]: Detected virtualization oracle.
[   30.568698] systemd[1]: Detected architecture x86.

Welcome to [1mUbuntu 16.04.6 LTS[0m!

[   30.634615] systemd[1]: Set hostname to <ubuntu-xenial>.
[   31.709625] systemd[1]: Created slice User and Session Slice.
[[0;32m  OK  [0m] Created slice User and Session Slice.
[   31.763982] systemd[1]: Reached target System Time Synchronized.
[[0;32m  OK  [0m] Reached target System Time Synchronized.
[   31.819243] systemd[1]: Listening on Journal Socket (/dev/log).
[[0;32m  OK  [0m] Listening on Journal Socket (/dev/log).
[   31.874250] systemd[1]: Reached target Encrypted Volumes.
[[0;32m  OK  [0m] Reached target Encrypted Volumes.
[   31.930330] systemd[1]: Reached target User and Group Name Lookups.
[[0;32m  OK  [0m] Reached target User and Group Name Lookups.
[   31.989746] systemd[1]: Listening on LVM2 poll daemon socket.
[[0;32m  OK  [0m] Listening on LVM2 poll daemon socket.
[   32.043525] systemd[1]: Listening on LVM2 metadata daemon socket.
[[0;32m  OK  [0m] Listening on LVM2 metadata daemon socket.
[   32.099490] systemd[1]: Listening on Journal Audit Socket.
[[0;32m  OK  [0m] Listening on Journal Audit Socket.
[   32.155223] systemd[1]: Started Trigger resolvconf update for networkd DNS.
[[0;32m  OK  [0m] Started Trigger resolvconf update for networkd DNS.
[   32.215167] systemd[1]: Started Forward Password Requests to Wall Directory Watch.
[[0;32m  OK  [0m] Started Forward Password Requests to Wall Directory Watch.
[   32.283038] systemd[1]: Set up automount Arbitrary Executable File Formats File System Automount Point.
[[0;32m  OK  [0m] Set up automount Arbitrary Executab...ats File System Automount Point.
[   32.362150] systemd[1]: Reached target Swap.
[[0;32m  OK  [0m] Reached target Swap.
[   32.408611] systemd[1]: Listening on /dev/initctl Compatibility Named Pipe.
[[0;32m  OK  [0m] Listening on /dev/initctl Compatibility Named Pipe.
[   32.468773] systemd[1]: Listening on udev Kernel Socket.
[[0;32m  OK  [0m] Listening on udev Kernel Socket.
[   32.520788] systemd[1]: Listening on Syslog Socket.
[[0;32m  OK  [0m] Listening on Syslog Socket.
[   32.569494] systemd[1]: Listening on Device-mapper event daemon FIFOs.
[[0;32m  OK  [0m] Listening on Device-mapper event daemon FIFOs.
[   32.634668] systemd[1]: Listening on Journal Socket.
[[0;32m  OK  [0m] Listening on Journal Socket.
[   32.690048] systemd[1]: Listening on udev Control Socket.
[[0;32m  OK  [0m] Listening on udev Control Socket.
[   32.743411] systemd[1]: Created slice System Slice.
[[0;32m  OK  [0m] Created slice System Slice.
[   32.807519] systemd[1]: Mounting Huge Pages File System...
         Mounting Huge Pages File System...
[   32.856311] systemd[1]: Starting Remount Root and Kernel File Systems...
         Starting Remount Root and Kernel File Systems...
[   32.920535] systemd[1]: Reached target Slices.
[[0;32m  OK  [0m] Reached target Slices.
[   33.119550] systemd[1]: Starting Uncomplicated firewall...
         Starting Uncomplicated firewall...[   33.190946] EXT4-fs (sda1): re-mounted. Opts: (null)

[   33.225157] systemd[1]: Starting Monitoring of LVM2 mirrors, snapshots etc. using dmeventd or progress polling...
         Starting Monitoring of LVM2 mirrors... dmeventd or progress polling...
[   33.363529] systemd[1]: Starting Create list of required static device nodes for the current kernel...
         Starting Create list of required st... nodes for the current kernel...
[   33.451273] systemd[1]: Starting Nameserver information manager...
         Starting Nameserver information manager...
[   33.508441] systemd[1]: Starting Set console keymap...
         Starting Set console keymap...
[   33.569237] systemd[1]: Mounting POSIX Message Queue File System...
         Mounting POSIX Message Queue File System...
[   33.771526] systemd[1]: Starting Load Kernel Modules...
         Starting Load Kernel Modules...
[   33.840296] systemd[1]: Starting Journal Service...
         Starting Journal Service...
[   33.898764] systemd[1]: Created slice system-serial\x2dgetty.slice.
[[0;32m  OK  [0m] Created slice system-serial\x2dgetty.slice.
[   33.976201] systemd[1]: Mounting Debug File System...
         Mounting Debug File System...
[   34.033565] systemd[1]: Mounted Debug File System.
[[0;32m  OK  [0m] Mounted Debug File System.
[   34.092018] systemd[1]: Mounted Huge Pages File System.
[[0;32m  OK  [0m] Mounted Huge Pages File System.
[   34.154492] systemd[1]: Mounted POSIX Message Queue File System.
[[0;32m  OK  [0m] Mounted POSIX Message Queue File System.
[   34.224034] systemd[1]: Started Remount Root and Kernel File Systems.
[[0;32m  OK  [0m] Started Remount Root and Kernel File Systems.
[   34.292870] systemd[1]: Started Uncomplicated firewall.
[[0;32m  OK  [0m] Started Uncomplicated firewall.
[   34.346663] Loading iSCSI transport class v2.0-870.
[   34.362601] systemd[1]: Started Create list of required static device nodes for the current kernel.
[[0;32m  OK  [0m] Started Create list of required sta...ce nodes for the current kernel.
[   34.468097] systemd[1]: Started Set console keymap.
[[0;32m  OK  [0m] Started Set console keymap.
[   34.535335] systemd[1]: Started Journal Service.
[   34.561742] iscsi: registered transport (tcp)
[[0;32m  OK  [0m] Started Journal Service.
[[0;32m  OK  [0m] Started Nameserver information manager.
[[0;32m  OK  [0m] Started LVM2 metadata daemon.
         Starting Create Static Device Nodes in /dev...
         Starting Flush Journal to Persistent Storage...
         Starting Load/Save Random Seed...
         Starting udev Coldplug all Devices...
[[0;32m  OK  [0m] Started Load/Save Random Seed.
[   34.993655] systemd-journald[391]: Received request to flush runtime journal from PID 1
[[0;32m  OK  [0m] Started Flush Journal to Persistent Storage.
[[0;32m  OK  [0m] Started udev Coldplug all Devices.
[   35.156861] iscsi: registered transport (iser)
[[0;32m  OK  [0m] Started Load Kernel Modules.
         Starting Apply Kernel Variables...
         Mounting FUSE Control File System...
[[0;32m  OK  [0m] Mounted FUSE Control File System.
[[0;32m  OK  [0m] Started Monitoring of LVM2 mirrors,...ng dmeventd or progress polling.
[[0;32m  OK  [0m] Started Create Static Device Nodes in /dev.
[[0;32m  OK  [0m] Started Apply Kernel Variables.
         Starting udev Kernel Device Manager...
[[0;32m  OK  [0m] Reached target Local File Systems (Pre).
[[0;32m  OK  [0m] Reached target Local File Systems.
         Starting LSB: AppArmor initialization...
         Starting Tell Plymouth To Write Out Runtime Data...
         Starting Create Volatile Files and Directories...
         Starting Initial cloud-init job (pre-networking)...
         Starting Set console font and keymap...
         Mounting Mount unit for heroku, revision 1613...
         Mounting Mount unit for core, revision 7272...
[[0;32m  OK  [0m] Started Tell Plymouth To Write Out Runtime Data.
[[0;32m  OK  [0m] Started Create Volatile Files and Directories.
[[0;32m  OK  [0m] Mounted Mount unit for heroku, revision 1613.
[[0;32m  OK  [0m] Mounted Mount unit for core, revision 7272.
         Starting Update UTMP about System Boot/Shutdown...
[[0;32m  OK  [0m] Started Update UTMP about System Boot/Shutdown.
[[0;32m  OK  [0m] Started udev Kernel Device Manager.
[[0;32m  OK  [0m] [   37.704759] cloud-init[467]: Cloud-init v. 18.5-45-g3554ffe8-0ubuntu1~16.04.1 running 'init-local' at Tue, 30 Jul 2019 20:24:59 +0000. Up 36.47 seconds.
Found device /dev/ttyS0.
[[0;32m  OK  [0m] Started LSB: AppArmor initialization.
[[0;32m  OK  [0m] Started Initial cloud-init job (pre-networking).
[[0;32m  OK  [0m] Listening on Load/Save RF Kill Switch Status /dev/rfkill Watch.
[[0;32m  OK  [0m] Reached target Network (Pre).
         Starting Raise network interfaces...
[[0;32m  OK  [0m] Started ifup for enp0s3.
[[0;32m  OK  [0m] Started Dispatch Password Requests to Console Directory Watch.
[[0;32m  OK  [0m] Started Set console font and keymap.
[[0;32m  OK  [0m] Created slice system-getty.slice.
[[0;32m  OK  [0m] Started Raise network interfaces.
         Starting Initial cloud-init job (metadata service crawler)...
[[0;32m  OK  [0m] Reached target Network.
[   53.585763] cloud-init[1012]: Cloud-init v. 18.5-45-g3554ffe8-0ubuntu1~16.04.1 running 'init' at Tue, 30 Jul 2019 20:25:15 +0000. Up 52.53 seconds.
[   53.633296] cloud-init[1012]: ci-info: ++++++++++++++++++++++++++++++++++++++Net device info++++++++++++++++++++++++++++++++++++++
[   53.677161] cloud-init[1012]: ci-info: +--------+------+----------------------------+---------------+--------+-------------------+
[   53.722553] cloud-init[1012]: ci-info: | Device |  Up  |          Address           |      Mask     | Scope  |     Hw-Address    |
[   53.771417] cloud-init[1012]: ci-info: +--------+------+----------------------------+---------------+--------+-------------------+
[   53.818299] cloud-init[1012]: ci-info: | enp0s3 | True |         10.0.2.15          | 255.255.255.0 | global | 02:29:df:e4:9c:08 |
[   53.872525] cloud-init[1012]: ci-info: | enp0s3 | True | fe80::29:dfff:fee4:9c08/64 |       .       |  link  | 02:29:df:e4:9c:08 |
[   53.927254] cloud-init[1012]: ci-info: |   lo   | True |         127.0.0.1          |   255.0.0.0   |  host  |         .         |
[   53.969346] cloud-init[1012]: ci-info: |   lo   | True |          ::1/128           |       .       |  host  |         .         |
[   54.012877] cloud-init[1012]: ci-info: +--------+------+----------------------------+---------------+--------+-------------------+
[   54.027621] cloud-init[1012]: ci-info: +++++++++++++++++++++++++++Route IPv4 info++++++++++++++++++++++++++++
[   54.027758] cloud-init[1012]: ci-info: +-------+-------------+----------+---------------+-----------+-------+
[   54.027881] cloud-init[1012]: ci-info: | Route | Destination | Gateway  |    Genmask    | Interface | Flags |
[[0;32m  OK  [0m] Started Initial cloud-init job (metadata service crawler).
[   54.027998] cloud-init[1012]: ci-info: +-------+-------------+----------+---------------+-----------+-------+
[   54.155101] cloud-init[1012]: ci-info: |   0   |   0.0.0.0   | 10.0.2.2 |    0.0.0.0    |   enp0s3  |   UG  |
[   54.155144] cloud-init[1012]: ci-info: |   1   |   10.0.2.0  | 0.0.0.0  | 255.255.255.0 |   enp0s3  |   U   |
[   54.155304] cloud-init[1012]: ci-info: +-------+-------------+----------+---------------+-----------+-------+
[   54.155356] cloud-init[1012]: ci-info: +++++++++++++++++++Route IPv6 info+++++++++++++++++++
[   54.163233] cloud-init[1012]: ci-info: +-------+-------------+---------+-----------+-------+
[   54.191897] cloud-init[1012]: ci-info: | Route | Destination | Gateway | Interface | Flags |
[   54.203195] cloud-init[1012]: ci-info: +-------+-------------+---------+-----------+-------+
[   54.212040] cloud-init[1012]: ci-info: |   0   |  fe80::/64  |    ::   |   enp0s3  |   U   |
[   54.224323] cloud-init[1012]: ci-info: |   4   |   ff00::/8  |    ::   |   enp0s3  |   U   |
[   54.239417] cloud-init[1012]: ci-info: +-------+-------------+---------+-----------+-------+
[[0;32m  OK  [0m] Reached target Network is Online.
         Starting iSCSI initiator daemon (iscsid)...
[[0;32m  OK  [0m] Reached target Cloud-config availability.
[[0;32m  OK  [0m] Reached target System Initialization.
[[0;32m  OK  [0m] Started ACPI Events Check.
[[0;32m  OK  [0m] Reached target Paths.
[[0;32m  OK  [0m] Listening on ACPID Listen Socket.
[[0;32m  OK  [0m] Started Daily apt download activities.
[[0;32m  OK  [0m] Started Daily Cleanup of Temporary Directories.
         Starting Socket activation for snappy daemon.
[[0;32m  OK  [0m] Started Daily apt upgrade and clean activities.
[[0;32m  OK  [0m] Listening on UUID daemon activation socket.
         Starting LXD - unix socket.
[[0;32m  OK  [0m] Listening on D-Bus System Message Bus Socket.
[[0;32m  OK  [0m] Reached target Timers.
[[0;32m  OK  [0m] Listening on Socket activation for snappy daemon.
[[0;32m  OK  [0m] Listening on LXD - unix socket.
[[0;32m  OK  [0m] Started iSCSI initiator daemon (iscsid).
         Starting Login to default iSCSI targets...
[[0;32m  OK  [0m] Reached target Sockets.
[[0;32m  OK  [0m] Reached target Basic System.
         Starting LSB: MD monitoring daemon...
         Starting LSB: Record successful boot for GRUB...
[[0;32m  OK  [0m] Started Unattended Upgrades Shutdown.
[[0;32m  OK  [0m] Started D-Bus System Message Bus.
         Starting LXD - container startup/shutdown...
         Starting Accounts Service...
[[0;32m  OK  [0m] Started Regular background program processing daemon.
         Starting OpenBSD Secure Shell server...
         Starting System Logging Service...
[[0;32m  OK  [0m] Started Deferred execution scheduler.
         Starting /etc/rc.local Compatibility...
[[0;32m  OK  [0m] Started ACPI event daemon.
[[0;32m  OK  [0m] Started FUSE filesystem for LXC.
         Starting MySQL Community Server...
         Starting vboxadd.service...
         Starting Snappy daemon...
         Starting Login Service...
[[0;32m  OK  [0m] Started System Logging Service.
[[0;32m  OK  [0m] Started /etc/rc.local Compatibility.
[[0;32m  OK  [0m] Started LSB: MD monitoring daemon.
[[0;32m  OK  [0m] Started LSB: Record successful boot for GRUB.
[[0;32m  OK  [0m] Started OpenBSD Secure Shell server.
[[0;32m  OK  [0m] Started Login to default iSCSI targets.
[[0;32m  OK  [0m] Started Login Service.
[[0;32m  OK  [0m] Reached target Remote File Systems (Pre).
[[0;32m  OK  [0m] Reached target Remote File Systems.
         Starting LSB: daemon to balance interrupts for SMP systems...
         Starting LSB: automatic crash report generation...
         Starting Permit User Sessions...
         Starting LSB: Set the CPU Frequency Scaling governor to "ondemand"...
         Starting Authenticate and Authorize Users to Run Privileged Tasks...
[[0;32m  OK  [0m] Started Permit User Sessions.
[[0;32m  OK  [0m] Started LSB: Set the CPU Frequency Scaling governor to "ondemand".
         Starting Terminate Plymouth Boot Screen...
         Starting Hold until boot process finishes up...
[[0;32m  OK  [0m] Started LSB: daemon to balance interrupts for SMP systems.
[[0;32m  OK  [0m] Started Terminate Plymouth Boot Screen.
[[0;32m  OK  [0m] Started Hold until boot process finishes up.
[[0;32m  OK  [0m] Started LSB: automatic crash report generation.
[[0;32m  OK  [0m] Started vboxadd.service.
[[0;32m  OK  [0m] Started LXD - container startup/shutdown.
[[0;32m  OK  [0m] Started Authenticate and Authorize Users to Run Privileged Tasks.
[[0;32m  OK  [0m] Started Accounts Service.
[[0;32m  OK  [0m] Created slice User Slice of vagrant.
         Starting User Manager for UID 1000...
[[0;32m  OK  [0m] Started Session 1 of user vagrant.
         Starting vboxadd-service.service...
[[0;32m  OK  [0m] Started Serial Getty on ttyS0.
         Starting Set console scheme...
[[0;32m  OK  [0m] Started Getty on tty1.
[[0;32m  OK  [0m] Reached target Login Prompts.
[[0;32m  OK  [0m] Started User Manager for UID 1000.
[[0;32m  OK  [0m] Started Set console scheme.
[[0;1;31mFAILED[0m] Failed to start vboxadd-service.service.
See 'systemctl status vboxadd-service.service' for details.
[[0;32m  OK  [0m] Started Snappy daemon.
         Starting Wait until snapd is fully seeded...
[[0;32m  OK  [0m] Started Wait until snapd is fully seeded.
         Starting Apply the settings specified in cloud-config...
[   61.656594] cloud-init[1422]: Cloud-init v. 18.5-45-g3554ffe8-0ubuntu1~16.04.1 running 'modules:config' at Tue, 30 Jul 2019 20:25:23 +0000. Up 60.85 seconds.
[[0;32m  OK  [0m] Started Apply the settings specified in cloud-config.

Ubuntu 16.04.6 LTS ubuntu-xenial ttyS0

ubuntu-xenial login: [   66.480457] cloud-init[1715]: Cloud-init v. 18.5-45-g3554ffe8-0ubuntu1~16.04.1 running 'modules:final' at Tue, 30 Jul 2019 20:25:28 +0000. Up 65.36 seconds.
[   66.481108] cloud-init[1715]: Cloud-init v. 18.5-45-g3554ffe8-0ubuntu1~16.04.1 finished at Tue, 30 Jul 2019 20:25:29 +0000. Datasource DataSourceNoCloud [seed=/dev/sdb][dsmode=net].  Up 66.46 seconds
