[    0.000000] Initializing cgroup subsys cpuset
[    0.000000] Initializing cgroup subsys cpu
[    0.000000] Initializing cgroup subsys cpuacct
[    0.000000] Linux version 4.4.0-143-generic (buildd@lgw01-amd64-037) (gcc version 5.4.0 20160609 (Ubuntu 5.4.0-6ubuntu1~16.04.10) ) #169-Ubuntu SMP Thu Feb 7 07:56:51 UTC 2019 (Ubuntu 4.4.0-143.169-generic 4.4.170)
[    0.000000] KERNEL supported cpus:
[    0.000000]   Intel GenuineIntel
[    0.000000]   AMD AuthenticAMD
[    0.000000]   NSC Geode by NSC
[    0.000000]   Cyrix CyrixInstead
[    0.000000]   Centaur CentaurHauls
[    0.000000]   Transmeta GenuineTMx86
[    0.000000]   Transmeta TransmetaCPU
[    0.000000]   UMC UMC UMC UMC
[    0.000000] x86/fpu: xstate_offset[2]:  576, xstate_sizes[2]:  256
[    0.000000] x86/fpu: Supporting XSAVE feature 0x01: 'x87 floating point registers'
[    0.000000] x86/fpu: Supporting XSAVE feature 0x02: 'SSE registers'
[    0.000000] x86/fpu: Supporting XSAVE feature 0x04: 'AVX registers'
[    0.000000] x86/fpu: Enabled xstate features 0x7, context size is 832 bytes, using 'standard' format.
[    0.000000] e820: BIOS-provided physical RAM map:
[    0.000000] BIOS-e820: [mem 0x0000000000000000-0x000000000009fbff] usable
[    0.000000] BIOS-e820: [mem 0x000000000009fc00-0x000000000009ffff] reserved
[    0.000000] BIOS-e820: [mem 0x00000000000f0000-0x00000000000fffff] reserved
[    0.000000] BIOS-e820: [mem 0x0000000000100000-0x000000003ffeffff] usable
[    0.000000] BIOS-e820: [mem 0x000000003fff0000-0x000000003fffffff] ACPI data
[    0.000000] BIOS-e820: [mem 0x00000000fec00000-0x00000000fec00fff] reserved
[    0.000000] BIOS-e820: [mem 0x00000000fee00000-0x00000000fee00fff] reserved
[    0.000000] BIOS-e820: [mem 0x00000000fffc0000-0x00000000ffffffff] reserved
[    0.000000] NX (Execute Disable) protection: active
[    0.000000] SMBIOS 2.5 present.
[    0.000000] Hypervisor detected: KVM
[    0.000000] e820: last_pfn = 0x3fff0 max_arch_pfn = 0x1000000
[    0.000000] MTRR: Disabled
[    0.000000] x86/PAT: MTRRs disabled, skipping PAT initialization too.
[    0.000000] CPU MTRRs all blank - virtualized system.
[    0.000000] x86/PAT: Configuration [0-7]: WB  WT  UC- UC  WB  WT  UC- UC  
[    0.000000] found SMP MP-table at [mem 0x0009fff0-0x0009ffff] mapped at [c009fff0]
[    0.000000] Scanning 1 areas for low memory corruption
[    0.000000] RAMDISK: [mem 0x3631a000-0x37184fff]
[    0.000000] ACPI: Early table checksum verification disabled
[    0.000000] ACPI: RSDP 0x00000000000E0000 000024 (v02 VBOX  )
[    0.000000] ACPI: XSDT 0x000000003FFF0030 00003C (v01 VBOX   VBOXXSDT 00000001 ASL  00000061)
[    0.000000] ACPI: FACP 0x000000003FFF00F0 0000F4 (v04 VBOX   VBOXFACP 00000001 ASL  00000061)
[    0.000000] ACPI: DSDT 0x000000003FFF0470 0021FF (v02 VBOX   VBOXBIOS 00000002 INTL 20100528)
[    0.000000] ACPI: FACS 0x000000003FFF0200 000040
[    0.000000] ACPI: FACS 0x000000003FFF0200 000040
[    0.000000] ACPI: APIC 0x000000003FFF0240 00005C (v02 VBOX   VBOXAPIC 00000001 ASL  00000061)
[    0.000000] ACPI: SSDT 0x000000003FFF02A0 0001CC (v01 VBOX   VBOXCPUT 00000002 INTL 20100528)
[    0.000000] 131MB HIGHMEM available.
[    0.000000] 891MB LOWMEM available.
[    0.000000]   mapped low ram: 0 - 37bfe000
[    0.000000]   low ram: 0 - 37bfe000
[    0.000000] kvm-clock: Using msrs 4b564d01 and 4b564d00
[    0.000000] kvm-clock: cpu 0, msr 0:37bfd001, primary cpu clock
[    0.000000] kvm-clock: using sched offset of 12074452876 cycles
[    0.000000] clocksource: kvm-clock: mask: 0xffffffffffffffff max_cycles: 0x1cd42e4dffb, max_idle_ns: 881590591483 ns
[    0.000000] Zone ranges:
[    0.000000]   DMA      [mem 0x0000000000001000-0x0000000000ffffff]
[    0.000000]   Normal   [mem 0x0000000001000000-0x0000000037bfdfff]
[    0.000000]   HighMem  [mem 0x0000000037bfe000-0x000000003ffeffff]
[    0.000000] Movable zone start for each node
[    0.000000] Early memory node ranges
[    0.000000]   node   0: [mem 0x0000000000001000-0x000000000009efff]
[    0.000000]   node   0: [mem 0x0000000000100000-0x000000003ffeffff]
[    0.000000] Initmem setup node 0 [mem 0x0000000000001000-0x000000003ffeffff]
[    0.000000] Using APIC driver default
[    0.000000] ACPI: PM-Timer IO Port: 0x4008
[    0.000000] IOAPIC[0]: apic_id 2, version 32, address 0xfec00000, GSI 0-23
[    0.000000] ACPI: INT_SRC_OVR (bus 0 bus_irq 0 global_irq 2 dfl dfl)
[    0.000000] ACPI: INT_SRC_OVR (bus 0 bus_irq 9 global_irq 9 low level)
[    0.000000] Using ACPI (MADT) for SMP configuration information
[    0.000000] smpboot: Allowing 2 CPUs, 0 hotplug CPUs
[    0.000000] PM: Registered nosave memory: [mem 0x00000000-0x00000fff]
[    0.000000] PM: Registered nosave memory: [mem 0x0009f000-0x0009ffff]
[    0.000000] PM: Registered nosave memory: [mem 0x000a0000-0x000effff]
[    0.000000] PM: Registered nosave memory: [mem 0x000f0000-0x000fffff]
[    0.000000] e820: [mem 0x40000000-0xfebfffff] available for PCI devices
[    0.000000] Booting paravirtualized kernel on KVM
[    0.000000] clocksource: refined-jiffies: mask: 0xffffffff max_cycles: 0xffffffff, max_idle_ns: 7645519600211568 ns
[    0.000000] setup_percpu: NR_CPUS:8 nr_cpumask_bits:8 nr_cpu_ids:2 nr_node_ids:1
[    0.000000] PERCPU: Embedded 19 pages/cpu @f71b0000 s47308 r0 d30516 u77824
[    0.000000] Built 1 zonelists in Zone order, mobility grouping on.  Total pages: 259800
[    0.000000] Kernel command line: BOOT_IMAGE=/boot/vmlinuz-4.4.0-143-generic root=UUID=605eeaef-31fd-41ed-8504-34f290756b9e ro console=tty1 console=ttyS0
[    0.000000] PID hash table entries: 4096 (order: 2, 16384 bytes)
[    0.000000] Dentry cache hash table entries: 131072 (order: 7, 524288 bytes)
[    0.000000] Inode-cache hash table entries: 65536 (order: 6, 262144 bytes)
[    0.000000] Initializing CPU#0
[    0.000000] Initializing HighMem for node 0 (00037bfe:0003fff0)
[    0.000000] Initializing Movable for node 0 (00000000:00000000)
[    0.000000] Memory: 1008004K/1048120K available (8096K kernel code, 791K rwdata, 3180K rodata, 932K init, 800K bss, 40116K reserved, 0K cma-reserved, 135112K highmem)
[    0.000000] virtual kernel memory layout:
[    0.000000]     fixmap  : 0xfff15000 - 0xfffff000   ( 936 kB)
[    0.000000]     pkmap   : 0xffc00000 - 0xffe00000   (2048 kB)
[    0.000000]     vmalloc : 0xf83fe000 - 0xffbfe000   ( 120 MB)
[    0.000000]     lowmem  : 0xc0000000 - 0xf7bfe000   ( 891 MB)
[    0.000000]       .init : 0xc1bcc000 - 0xc1cb5000   ( 932 kB)
[    0.000000]       .data : 0xc17e8648 - 0xc1bcaec0   (3978 kB)
[    0.000000]       .text : 0xc1000000 - 0xc17e8648   (8097 kB)
[    0.000000] Checking if this processor honours the WP bit even in supervisor mode...Ok.
[    0.000000] SLUB: HWalign=64, Order=0-3, MinObjects=0, CPUs=2, Nodes=1
[    0.000000] Hierarchical RCU implementation.
[    0.000000] 	Build-time adjustment of leaf fanout to 32.
[    0.000000] 	RCU restricting CPUs from NR_CPUS=8 to nr_cpu_ids=2.
[    0.000000] RCU: Adjusting geometry for rcu_fanout_leaf=32, nr_cpu_ids=2
[    0.000000] NR_IRQS:2304 nr_irqs:440 16
[    0.000000] Console: colour VGA+ 80x25
[    0.000000] console [tty1] enabled
[    0.000000] console [ttyS0] enabled
[    0.000000] allocated 1048576 bytes of page_ext
[    0.000000] tsc: Detected 2904.002 MHz processor
[    3.556811] Calibrating delay loop (skipped) preset value.. 5808.00 BogoMIPS (lpj=11616008)
[    3.598947] pid_max: default: 32768 minimum: 301
[    3.621212] ACPI: Core revision 20150930
[    3.645224] ACPI: 2 ACPI AML tables successfully acquired and loaded
[    3.688851] Security Framework initialized
[    3.714695] Yama: becoming mindful.
[    3.747757] AppArmor: AppArmor initialized
[    3.779644] Mount-cache hash table entries: 2048 (order: 1, 8192 bytes)
[    3.815412] Mountpoint-cache hash table entries: 2048 (order: 1, 8192 bytes)
[    3.847237] Initializing cgroup subsys io
[    3.871948] Initializing cgroup subsys memory
[    3.897001] Initializing cgroup subsys devices
[    3.923139] Initializing cgroup subsys freezer
[    3.948847] Initializing cgroup subsys net_cls
[    3.969962] Initializing cgroup subsys perf_event
[    3.995124] Initializing cgroup subsys net_prio
[    4.017469] Initializing cgroup subsys hugetlb
[    4.043522] Initializing cgroup subsys pids
[    4.069353] mce: CPU supports 0 MCE banks
[    4.089555] Last level iTLB entries: 4KB 64, 2MB 8, 4MB 8
[    4.120766] Last level dTLB entries: 4KB 64, 2MB 0, 4MB 0, 1GB 4
[    4.152611] Spectre V2 : Mitigation: Full generic retpoline
[    4.182572] Spectre V2 : Spectre v2 / SpectreRSB mitigation: Filling RSB on context switch
[    4.228655] Speculative Store Bypass: Vulnerable
[    4.311385] Freeing SMP alternatives memory: 36K
[    4.411871] ftrace: allocating 31552 entries in 62 pages
[    4.951523] smpboot: APIC(0) Converting physical 0 to logical package 0
[    4.979198] smpboot: Max logical packages: 1
[    4.998590] Enabling APIC mode:  Flat.  Using 1 I/O APICs
[    5.045899] ..TIMER: vector=0x30 apic1=0 pin1=2 apic2=-1 pin2=-1
[    5.178307] smpboot: CPU0: Intel(R) Core(TM) i7-7500U CPU @ 2.70GHz (family: 0x6, model: 0x8e, stepping: 0x9)
[    5.232709] Performance Events: unsupported p6 CPU model 142 no PMU driver, software events only.
[    5.350131] KVM setup paravirtual spinlock
[    5.369673] x86: Booting SMP configuration:
[    5.388325] .... node  #0, CPUs:      #1
[1266874877.635098] Initializing CPU#1
[    5.418828] kvm-clock: cpu 1, msr 0:37bfd041, secondary cpu clock
[    5.450574] mce: CPU supports 0 MCE banks
[    5.472125] x86: Booted up 1 node, 2 CPUs
[    5.495918] smpboot: Total of 2 processors activated (11616.00 BogoMIPS)
[    5.528041] devtmpfs: initialized
[    5.545399] evm: security.selinux
[    5.563677] evm: security.SMACK64
[    5.582634] evm: security.SMACK64EXEC
[    5.603658] evm: security.SMACK64TRANSMUTE
[    5.623816] evm: security.SMACK64MMAP
[    5.641513] evm: security.ima
[    5.656932] evm: security.capability
[    5.676225] clocksource: jiffies: mask: 0xffffffff max_cycles: 0xffffffff, max_idle_ns: 7645041785100000 ns
[    5.718831] futex hash table entries: 512 (order: 3, 32768 bytes)
[    5.749709] pinctrl core: initialized pinctrl subsystem
[    5.786339] RTC time: 19:44:56, date: 03/30/19
[    5.809167] NET: Registered protocol family 16
[    5.831390] EISA bus registered
[    5.855589] cpuidle: using governor ladder
[    5.881945] cpuidle: using governor menu
[    5.906472] PCCT header not found.
[    5.925441] ACPI: bus type PCI registered
[    5.945401] acpiphp: ACPI Hot Plug PCI Controller Driver version: 0.5
[    5.975330] PCI : PCI BIOS area is rw and x. Use pci=nobios if you want it NX.
[    6.011228] PCI: PCI BIOS revision 2.10 entry at 0xfda26, last bus=0
[    6.039894] PCI: Using configuration type 1 for base access
[    6.082101] ACPI: Added _OSI(Module Device)
[    6.105614] ACPI: Added _OSI(Processor Device)
[    6.128826] ACPI: Added _OSI(3.0 _SCP Extensions)
[    6.151198] ACPI: Added _OSI(Processor Aggregator Device)
[    6.179876] ACPI: Executed 1 blocks of module-level executable AML code
[    6.217926] ACPI: Interpreter enabled
[    6.235425] ACPI: (supports S0 S5)
[    6.252586] ACPI: Using IOAPIC for interrupt routing
[    6.275259] PCI: Using host bridge windows from ACPI; if necessary, use "pci=nocrs" and report a bug
[    6.339825] ACPI: PCI Root Bridge [PCI0] (domain 0000 [bus 00-ff])
[    6.368721] acpi PNP0A03:00: _OSC: OS supports [ASPM ClockPM Segments MSI]
[    6.606657] acpi PNP0A03:00: _OSC: not requesting OS control; OS requires [ExtendedConfig ASPM ClockPM MSI]
[    6.650590] acpi PNP0A03:00: fail to add MMCONFIG information, can't access extended PCI configuration space under this bridge.
[    6.709267] PCI host bridge to bus 0000:00
[    6.731055] pci_bus 0000:00: root bus resource [io  0x0000-0x0cf7 window]
[    6.759307] pci_bus 0000:00: root bus resource [io  0x0d00-0xffff window]
[    6.786608] pci_bus 0000:00: root bus resource [mem 0x000a0000-0x000bffff window]
[    6.820983] pci_bus 0000:00: root bus resource [mem 0x40000000-0xfdffffff window]
[    6.859757] pci_bus 0000:00: root bus resource [bus 00-ff]
[    6.928096] pci 0000:00:01.1: legacy IDE quirk: reg 0x10: [io  0x01f0-0x01f7]
[    6.958087] pci 0000:00:01.1: legacy IDE quirk: reg 0x14: [io  0x03f6]
[    6.985849] pci 0000:00:01.1: legacy IDE quirk: reg 0x18: [io  0x0170-0x0177]
[    7.014903] pci 0000:00:01.1: legacy IDE quirk: reg 0x1c: [io  0x0376]
[    7.179360] pci 0000:00:07.0: quirk: [io  0x4000-0x403f] claimed by PIIX4 ACPI
[    7.214321] pci 0000:00:07.0: quirk: [io  0x4100-0x410f] claimed by PIIX4 SMB
[    7.293821] ACPI: PCI Interrupt Link [LNKA] (IRQs 5 9 10 *11)
[    7.334464] ACPI: PCI Interrupt Link [LNKB] (IRQs 5 9 *10 11)
[    7.373583] ACPI: PCI Interrupt Link [LNKC] (IRQs 5 *9 10 11)
[    7.411792] ACPI: PCI Interrupt Link [LNKD] (IRQs 5 9 10 *11)
[    7.453959] ACPI: Enabled 2 GPEs in block 00 to 07
[    7.484890] vgaarb: setting as boot device: PCI:0000:00:02.0
[    7.510626] vgaarb: device added: PCI:0000:00:02.0,decodes=io+mem,owns=io+mem,locks=none
[    7.547146] vgaarb: loaded
[    7.562388] vgaarb: bridge control possible 0000:00:02.0
[    7.587093] SCSI subsystem initialized
[    7.608126] ACPI: bus type USB registered
[    7.629169] usbcore: registered new interface driver usbfs
[    7.652796] usbcore: registered new interface driver hub
[    7.676604] usbcore: registered new device driver usb
[    7.701258] PCI: Using ACPI for IRQ routing
[    7.730071] NetLabel: Initializing
[    7.749715] NetLabel:  domain hash size = 128
[    7.774180] NetLabel:  protocols = UNLABELED CIPSOv4
[    7.803963] NetLabel:  unlabeled traffic allowed by default
[    7.832333] amd_nb: Cannot enumerate AMD northbridges
[    7.856448] clocksource: Switched to clocksource kvm-clock
[    7.897983] AppArmor: AppArmor Filesystem Enabled
[    7.921624] pnp: PnP ACPI init
[    7.947610] pnp: PnP ACPI: found 3 devices
[    7.966358] PnPBIOS: Disabled by ACPI PNP
[    8.088843] clocksource: acpi_pm: mask: 0xffffff max_cycles: 0xffffff, max_idle_ns: 2085701024 ns
[    8.126554] NET: Registered protocol family 2
[    8.147357] TCP established hash table entries: 8192 (order: 3, 32768 bytes)
[    8.175565] TCP bind hash table entries: 8192 (order: 4, 65536 bytes)
[    8.201313] TCP: Hash tables configured (established 8192 bind 8192)
[    8.228102] UDP hash table entries: 512 (order: 2, 16384 bytes)
[    8.252408] UDP-Lite hash table entries: 512 (order: 2, 16384 bytes)
[    8.277808] NET: Registered protocol family 1
[    8.297283] pci 0000:00:00.0: Limiting direct PCI/PCI transfers
[    8.322194] pci 0000:00:01.0: Activating ISA DMA hang workarounds
[    8.353299] Unpacking initramfs...
[    8.683157] Freeing initrd memory: 14764K
[    8.702551] platform rtc_cmos: registered platform RTC device (no PNP device found)
[    8.739048] Scanning for low memory corruption every 60 seconds
[    8.765895] audit: initializing netlink subsys (disabled)
[    8.788965] audit: type=2000 audit(1553975107.156:1): initialized
[    8.815959] Initialise system trusted keyring
[    8.838668] HugeTLB registered 2 MB page size, pre-allocated 0 pages
[    8.869206] zbud: loaded
[    8.884678] VFS: Disk quotas dquot_6.6.0
[    8.903628] VFS: Dquot-cache hash table entries: 1024 (order 0, 4096 bytes)
[    8.932110] squashfs: version 4.0 (2009/01/31) Phillip Lougher
[    8.959681] fuse init (API version 7.23)
[    8.978396] Key type big_key registered
[    8.996259] Allocating IMA MOK and blacklist keyrings.
[    9.033516] Key type asymmetric registered
[    9.052740] Asymmetric key parser 'x509' registered
[    9.074671] bounce: pool size: 64 pages
[    9.093069] Block layer SCSI generic (bsg) driver version 0.4 loaded (major 249)
[    9.127655] io scheduler noop registered
[    9.146440] io scheduler deadline registered (default)
[    9.169352] io scheduler cfq registered
[    9.187429] pci_hotplug: PCI Hot Plug PCI Core version: 0.5
[    9.210554] pciehp: PCI Express Hot Plug Controller Driver version: 0.4
[    9.237212] ACPI: AC Adapter [AC] (on-line)
[    9.257347] input: Power Button as /devices/LNXSYSTM:00/LNXPWRBN:00/input/input0
[    9.290688] ACPI: Power Button [PWRF]
[    9.313958] input: Sleep Button as /devices/LNXSYSTM:00/LNXSLPBN:00/input/input1
[    9.350949] ACPI: Sleep Button [SLPF]
[    9.377037] GHES: HEST is not enabled!
[    9.379871] ACPI: Battery Slot [BAT0] (battery present)
[    9.439584] isapnp: Scanning for PnP cards...
[    9.440212] Serial: 8250/16550 driver, 32 ports, IRQ sharing enabled
[    9.531027] 00:02: ttyS0 at I/O 0x3f8 (irq = 4, base_baud = 115200) is a 16550A
[    9.593933] Linux agpgart interface v0.103
[    9.617376] loop: module loaded
[    9.638883] scsi host0: ata_piix
[    9.656181] scsi host1: ata_piix
[    9.680685] ata1: PATA max UDMA/33 cmd 0x1f0 ctl 0x3f6 bmdma 0xd000 irq 14
[    9.710398] ata2: PATA max UDMA/33 cmd 0x170 ctl 0x376 bmdma 0xd008 irq 15
[    9.740252] libphy: Fixed MDIO Bus: probed
[    9.771503] tun: Universal TUN/TAP device driver, 1.6
[    9.797230] tun: (C) 1999-2004 Max Krasnyansky <maxk@qualcomm.com>
[    9.823759] PPP generic driver version 2.4.2
[    9.847988] ehci_hcd: USB 2.0 'Enhanced' Host Controller (EHCI) Driver
[    9.891141] ehci-pci: EHCI PCI platform driver
[    9.926296] ehci-platform: EHCI generic platform driver
[    9.969875] ohci_hcd: USB 1.1 'Open' Host Controller (OHCI) Driver
[   10.019979] ohci-pci: OHCI PCI platform driver
[   10.040806] ohci-platform: OHCI generic platform driver
[   10.065629] uhci_hcd: USB Universal Host Controller Interface driver
[   10.092775] i8042: PNP: PS/2 Controller [PNP0303:PS2K,PNP0f03:PS2M] at 0x60,0x64 irq 1,12
[   10.152583] isapnp: No Plug & Play device found
[   10.192261] serio: i8042 KBD port at 0x60,0x64 irq 1
[   10.213775] serio: i8042 AUX port at 0x60,0x64 irq 12
[   10.236632] mousedev: PS/2 mouse device common for all mice
[   10.265809] rtc_cmos rtc_cmos: rtc core: registered rtc_cmos as rtc0
[   10.293932] rtc_cmos rtc_cmos: alarms up to one day, 114 bytes nvram
[   10.320845] input: AT Translated Set 2 keyboard as /devices/platform/i8042/serio0/input/input2
[   10.357761] i2c /dev entries driver
[   10.374746] device-mapper: uevent: version 1.0.3
[   10.397416] device-mapper: ioctl: 4.34.0-ioctl (2015-10-28) initialised: dm-devel@redhat.com
[   10.433783] platform eisa.0: Probing EISA bus 0
[   10.454115] platform eisa.0: EISA: Cannot allocate resource for mainboard
[   10.480692] platform eisa.0: Cannot allocate resource for EISA slot 1
[   10.506612] platform eisa.0: Cannot allocate resource for EISA slot 2
[   10.532668] platform eisa.0: Cannot allocate resource for EISA slot 3
[   10.558300] platform eisa.0: Cannot allocate resource for EISA slot 4
[   10.584028] platform eisa.0: Cannot allocate resource for EISA slot 5
[   10.609582] platform eisa.0: Cannot allocate resource for EISA slot 6
[   10.635738] platform eisa.0: Cannot allocate resource for EISA slot 7
[   10.662137] platform eisa.0: Cannot allocate resource for EISA slot 8
[   10.689491] platform eisa.0: EISA: Detected 0 cards
[   10.713423] cpufreq-nforce2: No nForce2 chipset.
[   10.735946] ledtrig-cpu: registered to indicate activity on CPUs
[   10.763717] NET: Registered protocol family 10
[   10.788311] NET: Registered protocol family 17
[   10.811471] Key type dns_resolver registered
[   10.835540] Using IPI No-Shortcut mode
[   10.858538] registered taskstats version 1
[   10.881146] Loading compiled-in X.509 certificates
[   10.912628] Loaded X.509 cert 'Build time autogenerated kernel key: 07323bf4cdbec5aef5bdde50750eeb2c99f03b83'
[   10.964194] zswap: loaded using pool lzo/zbud
[   10.997167] Key type trusted registered
[   11.059057] Key type encrypted registered
[   11.083459] AppArmor: AppArmor sha1 policy hashing enabled
[   11.110528] ima: No TPM chip found, activating TPM-bypass!
[   11.136852] ima: Allocated hash algorithm: sha1
[   11.158074] evm: HMAC attrs: 0x1
[   11.179555]   Magic number: 11:935:749
[   11.198575] tty ttyS0: hash matches
[   11.217794] rtc_cmos rtc_cmos: setting system clock to 2019-03-30 19:45:02 UTC (1553975102)
[   11.257893] BIOS EDD facility v0.16 2004-Jun-25, 0 devices found
[   11.284261] EDD information not available.
[   11.312270] Freeing unused kernel memory: 932K
[   11.346000] Write protecting the kernel text: 8100k
[   11.368831] Write protecting the kernel read-only data: 3184k
[   11.397453] NX-protecting the kernel data: 6236k
Loading, please wait...
starting version[   11.462327] random: udevadm: uninitialized urandom read (16 bytes read, 6 bits of entropy available)
 229
[   11.494312] random: systemd-udevd: uninitialized urandom read (16 bytes read, 6 bits of entropy available)
[   11.494374] random: systemd-udevd: uninitialized urandom read (16 bytes read, 6 bits of entropy available)
[   11.494390] random: systemd-udevd: uninitialized urandom read (16 bytes read, 6 bits of entropy available)
[   11.657846] random: udevadm: uninitialized urandom read (16 bytes read, 6 bits of entropy available)
[   11.661260] random: systemd-udevd: uninitialized urandom read (16 bytes read, 6 bits of entropy available)
[   11.743926] random: udevadm: uninitialized urandom read (16 bytes read, 6 bits of entropy available)
[   11.782830] random: udevadm: uninitialized urandom read (16 bytes read, 6 bits of entropy available)
[   12.028832] random: udevadm: uninitialized urandom read (16 bytes read, 6 bits of entropy available)
[   12.069349] random: udevadm: uninitialized urandom read (16 bytes read, 6 bits of entropy available)
[   12.164127] Fusion MPT base driver 3.04.20
[   12.185623] Copyright (c) 1999-2008 LSI Corporation
[   12.215430] e1000: Intel(R) PRO/1000 Network Driver - version 7.3.21-k8-NAPI
[   12.245738] e1000: Copyright (c) 1999-2006 Intel Corporation.
[   12.331018] Fusion MPT SPI Host driver 3.04.20
[   12.682948] input: ImExPS/2 Generic Explorer Mouse as /devices/platform/i8042/serio1/input/input4
[   14.441711] e1000 0000:00:03.0 eth0: (PCI:33MHz:32-bit) 02:29:df:e4:9c:08
[   14.468705] e1000 0000:00:03.0 eth0: Intel(R) PRO/1000 Network Connection
[   14.501613] mptbase: ioc0: Initiating bringup
[   14.503671] e1000 0000:00:03.0 enp0s3: renamed from eth0
[   14.618629] ioc0: LSI53C1030 A0: Capabilities={Initiator}
[   15.351109] scsi host2: ioc0: LSI53C1030 A0, FwRev=00000000h, Ports=1, MaxQ=256, IRQ=20
[   16.056190] scsi 2:0:0:0: Direct-Access     VBOX     HARDDISK         1.0  PQ: 0 ANSI: 5
[   16.110729] scsi target2:0:0: Beginning Domain Validation
[   16.152110] scsi target2:0:0: Domain Validation skipping write tests
[   16.177294] scsi target2:0:0: Ending Domain Validation
[   16.199874] scsi target2:0:0: asynchronous
[   16.224721] scsi 2:0:1:0: Direct-Access     VBOX     HARDDISK         1.0  PQ: 0 ANSI: 5
[   16.260253] scsi target2:0:1: Beginning Domain Validation
[   16.298591] scsi target2:0:1: Domain Validation skipping write tests
[   16.323947] scsi target2:0:1: Ending Domain Validation
[   16.347674] scsi target2:0:1: asynchronous
[   16.423747] sd 2:0:0:0: Attached scsi generic sg0 type 0
[   16.446684] sd 2:0:1:0: Attached scsi generic sg1 type 0
[   16.447920] sd 2:0:1:0: [sdb] 20480 512-byte logical blocks: (10.5 MB/10.0 MiB)
[   16.449112] sd 2:0:1:0: [sdb] Write Protect is off
[   16.449724] sd 2:0:1:0: [sdb] Incomplete mode parameter data
[   16.449725] sd 2:0:1:0: [sdb] Assuming drive cache: write through
[   16.472942] sd 2:0:0:0: [sda] 20971520 512-byte logical blocks: (10.7 GB/10.0 GiB)
[   16.474639] sd 2:0:0:0: [sda] Write Protect is off
[   16.475440] sd 2:0:0:0: [sda] Incomplete mode parameter data
[   16.475441] sd 2:0:0:0: [sda] Assuming drive cache: write through
[   16.522131]  sda: sda1
[   16.527109] sd 2:0:0:0: [sda] Attached SCSI disk
[   16.529347] sd 2:0:1:0: [sdb] Attached SCSI disk
Begin: Loading essential drivers ... [   24.008260] md: linear personality registered for level -1
[   24.047330] md: multipath personality registered for level -4
[   24.084906] md: raid0 personality registered for level 0
[   24.152859] md: raid1 personality registered for level 1
[   24.268654] raid6: mmxx1    gen()  2480 MB/s
[   24.364828] raid6: mmxx2    gen()  2094 MB/s
[   24.493087] raid6: sse1x1   gen()  2108 MB/s
[   24.592051] raid6: sse1x2   gen()  2318 MB/s
[   24.720526] raid6: sse2x1   gen()  4014 MB/s
[   24.828670] raid6: sse2x1   xor()   776 MB/s
[   24.938515] raid6: sse2x2   gen()  8580 MB/s
[   25.040757] raid6: sse2x2   xor()  5595 MB/s
[   25.124695] raid6: avx2x1   gen() 17181 MB/s
[   25.216999] raid6: avx2x2   gen() 18874 MB/s
[   25.237029] raid6: using algorithm avx2x2 gen() 18874 MB/s
[   25.647161] raid6: using avx2x1 recovery algorithm
[   25.702114] xor: automatically using best checksumming function:
[   25.764940]    avx       : 22279.000 MB/sec
[   25.807067] async_tx: api initialized (async)
[   25.941062] md: raid6 personality registered for level 6
[   25.966058] md: raid5 personality registered for level 5
[   25.994117] md: raid4 personality registered for level 4
[   26.080582] md: raid10 personality registered for level 10
done.
Begin: Running /scripts/init-premount ... done.
Begin: Mounting root file system ... Begin: Running /scripts/local-top ... done.
Begin: Running /scripts/local-premount ... [   26.360014] Btrfs loaded
Scanning for Btrfs filesystems
done.
Warning: fsck not present, so skipping root file system
[   26.719688] EXT4-fs (sda1): mounted filesystem with ordered data mode. Opts: (null)
done.
Begin: Running /scripts/local-bottom ... done.
Begin: Running /scripts/init-bottom ... done.
[   27.190834] random: nonblocking pool is initialized
[   28.380009] systemd[1]: systemd 229 running in system mode. (+PAM +AUDIT +SELINUX +IMA +APPARMOR +SMACK +SYSVINIT +UTMP +LIBCRYPTSETUP +GCRYPT +GNUTLS +ACL +XZ -LZ4 +SECCOMP +BLKID +ELFUTILS +KMOD -IDN)
[   28.466740] systemd[1]: Detected virtualization oracle.
[   28.491372] systemd[1]: Detected architecture x86.

Welcome to [1mUbuntu 16.04.6 LTS[0m!

[   28.807032] systemd[1]: Set hostname to <ubuntu-xenial>.
[   30.004496] systemd[1]: Listening on Journal Socket.
[[0;32m  OK  [0m] Listening on Journal Socket.
[   30.072146] systemd[1]: Created slice System Slice.
[[0;32m  OK  [0m] Created slice System Slice.
[   30.121391] systemd[1]: Mounting Huge Pages File System...
         Mounting Huge Pages File System...
[   30.176134] systemd[1]: Starting Create list of required static device nodes for the current kernel...
         Starting Create list of required st... nodes for the current kernel...
[   30.246194] systemd[1]: Starting Load Kernel Modules...
         Starting Load Kernel Modules...
[   30.285905] systemd[1]: Reached target User and Group Name Lookups.
[[0;32m  OK  [0m] Reached target User and Group Name Lookups.
[   30.332639] systemd[1]: Listening on Journal Socket (/dev/log).
[[0;32m  OK  [0m] Listening on Journal Socket (/dev/log).
[   30.388353] Loading iSCSI transport class v2.0-870.
[   30.412796] systemd[1]: Starting Nameserver information manager...
         Starting Nameserver information manager...
[   30.473280] systemd[1]: Starting Set console keymap...
         Starting Set console keymap...
[   30.516140] systemd[1]: Created slice system-serial\x2dgetty.slice.
[[0;32m  OK  [0m] Created slice system-serial\x2dgetty.slice.
[   30.576763] systemd[1]: Listening on Syslog Socket.
[   30.607267] iscsi: registered transport (tcp)
[[0;32m  OK  [0m] Listening on Syslog Socket.
[   30.666127] systemd[1]: Listening on udev Control Socket.
[[0;32m  OK  [0m] Listening on udev Control Socket.
[   30.712007] systemd[1]: Reached target Encrypted Volumes.
[[0;32m  OK  [0m] Reached target Encrypted Volumes.
[   30.755425] systemd[1]: Started Forward Password Requests to Wall Directory Watch.
[[0;32m  OK  [0m] Started Forward Password Requests to Wall Directory Watch.
[   30.833834] systemd[1]: Listening on Device-mapper event daemon FIFOs.
[[0;32m  OK  [0m] Listening on Device-mapper event daemon FIFOs.
[   30.947952] systemd[1]: Reached target Swap.
[[0;32m  OK  [0m] Reached target Swap.
[   31.009051] systemd[1]: Started Trigger resolvconf update for networkd DNS.
[[0;32m  OK  [0m] Started Trigger resolvconf update for networkd DNS.
[   31.086991] systemd[1]: Set up automount Arbitrary Executable File Formats File System Automount Point.
[[0;32m  OK  [0m] Set up automount Arbitrary Executab...ats File System Automount Point.
[   31.209247] systemd[1]: Mounting POSIX Message Queue File System...
         Mounting POSIX Message Queue File System...
[   31.281489] iscsi: registered transport (iser)
[   31.298345] systemd[1]: Reached target System Time Synchronized.
[[0;32m  OK  [0m] Reached target System Time Synchronized.
[   31.377307] systemd[1]: Starting Uncomplicated firewall...
         Starting Uncomplicated firewall...
[   31.429873] systemd[1]: Listening on udev Kernel Socket.
[[0;32m  OK  [0m] Listening on udev Kernel Socket.
[   31.499796] systemd[1]: Created slice User and Session Slice.
[[0;32m  OK  [0m] Created slice User and Session Slice.
[   31.557937] systemd[1]: Reached target Slices.
[[0;32m  OK  [0m] Reached target Slices.
[   31.609745] systemd[1]: Listening on /dev/initctl Compatibility Named Pipe.
[[0;32m  OK  [0m] Listening on /dev/initctl Compatibility Named Pipe.
[   31.693352] systemd[1]: Starting Remount Root and Kernel File Systems...
[   31.735978] EXT4-fs (sda1): re-mounted. Opts: (null)
         Starting Remount Root and Kernel File Systems...
[   31.801578] systemd[1]: Mounting Debug File System...
         Mounting Debug File System...
[   31.861477] systemd[1]: Listening on Journal Audit Socket.
[[0;32m  OK  [0m] Listening on Journal Audit Socket.
[   31.926313] systemd[1]: Starting Journal Service...
         Starting Journal Service...
[   31.979051] systemd[1]: Listening on LVM2 metadata daemon socket.
[[0;32m  OK  [0m] Listening on LVM2 metadata daemon socket.
[   32.041105] systemd[1]: Starting Monitoring of LVM2 mirrors, snapshots etc. using dmeventd or progress polling...
         Starting Monitoring of LVM2 mirrors... dmeventd or progress polling...
[   32.123675] systemd[1]: Listening on LVM2 poll daemon socket.
[[0;32m  OK  [0m] Listening on LVM2 poll daemon socket.
[   32.205522] systemd[1]: Mounted Debug File System.
[[0;32m  OK  [0m] Mounted Debug File System.
[   32.267681] systemd[1]: Mounted Huge Pages File System.
[[0;32m  OK  [0m] Mounted Huge Pages File System.
[   32.326221] systemd[1]: Mounted POSIX Message Queue File System.
[[0;32m  OK  [0m] Mounted POSIX Message Queue File System.
[   32.385529] systemd[1]: Started Journal Service.
[[0;32m  OK  [0m] Started Journal Service.
[[0;32m  OK  [0m] Started Create list of required sta...ce nodes for the current kernel.
[[0;32m  OK  [0m] Started Load Kernel Modules.
[[0;32m  OK  [0m] Started Set console keymap.
[[0;32m  OK  [0m] Started Uncomplicated firewall.
[[0;32m  OK  [0m] Started Remount Root and Kernel File Systems.
[[0;32m  OK  [0m] Started Nameserver information manager.
[[0;32m  OK  [0m] Started LVM2 metadata daemon.
         Starting Load/Save Random Seed...
         Starting udev Coldplug all Devices...
         Starting Apply Kernel Variables...
         Mounting FUSE Control File System...
         Starting Create Static Device Nodes in /dev...
         Starting Flush Journal to Persistent Storage...
[[0;32m  OK  [0m] Mounted FUSE Control File System.
[[0;32m  OK  [0m] Started Load/Save Random Seed.
[[0;32m  OK  [0m] Started Apply Kernel Variables.
[[0;32m  OK  [0m] Started Monitoring of LVM2 mirrors,...ng dmeventd or progress polling.
[[0;32m  OK  [0m] Started Create Static Device Nodes in /dev.
[[0;32m  OK  [0m] Started udev Coldplug all Devices.
         Starting udev Kernel Device Manager...
[[0;32m  OK  [0m] Reached target Local File Systems (Pre).
[[0;32m  OK  [0m] Reached target Local File Systems.
         Starting Initial cloud-init job (pre-networking)...
         Starting Tell Plymouth To Write Out Runtime Data...
         Starting Set console font and keymap...
         Starting LSB: AppArmor initialization...
[[0;32m  OK  [0m] Started Flush Journal to Persistent Storage.
[[0;32m  OK  [0m] Started Tell Plymouth To Write Out Runtime Data.
         Starting Create Volatile Files and Directories...
[[0;32m  OK  [0m] Started Create Volatile Files and Directories.
[   33.099540] cloud-init[475]: Cloud-init v. 18.5-45-g3554ffe8-0ubuntu1~16.04.1 running 'init-local' at Sat, 30 Mar 2019 19:45:29 +0000. Up 31.88 seconds.
[[0;32m  OK  [0m] Started LSB: AppArmor initialization.
[[0;32m  OK  [0m] Started Initial cloud-init job (pre-networking).
[[0;32m  OK  [0m] Started udev Kernel Device Manager.
[[0;32m  OK  [0m] Found device /dev/ttyS0.
[[0;32m  OK  [0m] Listening on Load/Save RF Kill Switch Status /dev/rfkill Watch.
[[0;32m  OK  [0m] Started Dispatch Password Requests to Console Directory Watch.
[[0;32m  OK  [0m] Reached target Network (Pre).
[[0;32m  OK  [0m] Started ifup for enp0s3.
         Starting Raise network interfaces...
         Starting Update UTMP about System Boot/Shutdown...
[[0;32m  OK  [0m] Started Set console font and keymap.
[[0;32m  OK  [0m] Created slice system-getty.slice.
[[0;32m  OK  [0m] Started Update UTMP about System Boot/Shutdown.
[[0;32m  OK  [0m] Started Raise network interfaces.
         Starting Initial cloud-init job (metadata service crawler)...
[[0;32m  OK  [0m] Reached target Network.
[   52.793141] cloud-init[970]: Cloud-init v. 18.5-45-g3554ffe8-0ubuntu1~16.04.1 running 'init' at Sat, 30 Mar 2019 19:45:46 +0000. Up 49.02 seconds.
[   52.856322] cloud-init[970]: ci-info: ++++++++++++++++++++++++++++++++++++++Net device info++++++++++++++++++++++++++++++++++++++
[   52.901877] cloud-init[970]: ci-info: +--------+------+----------------------------+---------------+--------+-------------------+
[   52.946849] cloud-init[970]: ci-info: | Device |  Up  |          Address           |      Mask     | Scope  |     Hw-Address    |
[   52.983921] cloud-init[970]: ci-info: +--------+------+----------------------------+---------------+--------+-------------------+
[   53.022557] cloud-init[970]: ci-info: | enp0s3 | True |         10.0.2.15          | 255.255.255.0 | global | 02:29:df:e4:9c:08 |
[[   53.059191] cloud-init[970]: ci-info: | enp0s3 | True | fe80::29:dfff:fee4:9c08/64 |       .       |  link  | 02:29:df:e4:9c:08 |
[   53.069124] cloud-init[970]: ci-info: |   lo   | True |         127.0.0.1          |   255.0.0.0   |  host  |         .         |
[   53.069208] cloud-init[970]: ci-info: |   lo   | True |          ::1/128           |       .       |  host  |         .         |
[   53.072423] cloud-init[970]: ci-info: +--------+------+----------------------------+---------------+--------+-------------------+
[   53.075438] cloud-init[970]: ci-info: +++++++++++++++++++++++++++Route IPv4 info++++++++++++++++++++++++++++
[   53.088372] cloud-init[970]: ci-info: +-------+-------------+----------+---------------+-----------+-------+
[   53.091038] cloud-init[970]: ci-info: | Route | Destination | Gateway  |    Genmask    | Interface | Flags |
[   53.100078] cloud-init[970]: ci-info: +-------+-------------+----------+---------------+-----------+-------+
[   53.112112] cloud-init[970]: ci-info: |   0   |   0.0.0.0   | 10.0.2.2 |    0.0.0.0    |   enp0s3  |   UG  |
[   53.127495] cloud-init[970]: ci-info: |   1   |   10.0.2.0  | 0.0.0.0  | 255.255.255.0 |   enp0s3  |   U   |
[   53.139504] cloud-init[970]: ci-info: +-------+-------------+----------+---------------+-----------+-------+
[   53.148461] cloud-init[970]: ci-info: +++++++++++++++++++Route IPv6 info+++++++++++++++++++
[   53.151394] cloud-init[970]: ci-info: +-------+-------------+---------+-----------+-------+
[   53.160455] cloud-init[970]: ci-info: | Route | Destination | Gateway | Interface | Flags |
[   53.163280] cloud-init[970]: ci-info: +-------+-------------+---------+-----------+-------+
[   53.172298] cloud-init[970]: ci-info: |   0   |  fe80::/64  |    ::   |   enp0s3  |   U   |
[   53.188133] cloud-init[970]: ci-info: |   3   |   ff00::/8  |    ::   |   enp0s3  |   U   |
[   53.200117] cloud-init[970]: ci-info: +-------+-------------+---------+-----------+-------+
[0;32m  OK  [0m] Started Initial cloud-init job (metadata service crawler).
[[0;32m  OK  [0m] Reached target System Initialization.
[[0;32m  OK  [0m] Started ACPI Events Check.
[[0;32m  OK  [0m] Reached target Paths.
[[0;32m  OK  [0m] Listening on D-Bus System Message Bus Socket.
[[0;32m  OK  [0m] Listening on UUID daemon activation socket.
         Starting Socket activation for snappy daemon.
[[0;32m  OK  [0m] Listening on ACPID Listen Socket.
         Starting LXD - unix socket.
[[0;32m  OK  [0m] Started Daily Cleanup of Temporary Directories.
[[0;32m  OK  [0m] Started Daily apt download activities.
[[0;32m  OK  [0m] Started Daily apt upgrade and clean activities.
[[0;32m  OK  [0m] Reached target Timers.
[[0;32m  OK  [0m] Reached target Network is Online.
         Starting iSCSI initiator daemon (iscsid)...
[[0;32m  OK  [0m] Reached target Cloud-config availability.
[[0;32m  OK  [0m] Listening on Socket activation for snappy daemon.
[[0;32m  OK  [0m] Listening on LXD - unix socket.
[[0;32m  OK  [0m] Reached target Sockets.
[[0;32m  OK  [0m] Reached target Basic System.
         Starting vboxadd.service...
[[0;32m  OK  [0m] Started ACPI event daemon.
[[0;32m  OK  [0m] Started Deferred execution scheduler.
[[0;32m  OK  [0m] Started FUSE filesystem for LXC.
         Starting LXD - container startup/shutdown...
         Starting Accounts Service...
[[0;32m  OK  [0m] Started Regular background program processing daemon.
         Starting OpenBSD Secure Shell server...
         Starting /etc/rc.local Compatibility...
[[0;32m  OK  [0m] Started Unattended Upgrades Shutdown.
         Starting LSB: Record successful boot for GRUB...
         Starting LSB: MD monitoring daemon...
[[0;32m  OK  [0m] Started D-Bus System Message Bus.
         Starting Login Service...
         Starting MySQL Community Server...
         Starting System Logging Service...
         Starting Snappy daemon...
[[0;32m  OK  [0m] Started vboxadd.service.
[[0;32m  OK  [0m] Started /etc/rc.local Compatibility.
[[0;32m  OK  [0m] Started Login Service.
         Starting Authenticate and Authorize Users to Run Privileged Tasks...
         Starting vboxadd-service.service...
[[0;32m  OK  [0m] Started OpenBSD Secure Shell server.
[[0;32m  OK  [0m] Started iSCSI initiator daemon (iscsid).
         Starting Login to default iSCSI targets...
[[0;32m  OK  [0m] Started LSB: Record successful boot for GRUB.
[[0;32m  OK  [0m] Started LSB: MD monitoring daemon.
[[0;32m  OK  [0m] Started System Logging Service.
[[0;32m  OK  [0m] Started Authenticate and Authorize Users to Run Privileged Tasks.
[[0;32m  OK  [0m] Started Login to default iSCSI targets.
[[0;32m  OK  [0m] Started Accounts Service.
[[0;1;31mFAILED[0m] Failed to start vboxadd-service.service.
See 'systemctl status vboxadd-service.service' for details.
[[0;32m  OK  [0m] Reached target Remote File Systems (Pre).
[[0;32m  OK  [0m] Reached target Remote File Systems.
         Starting LSB: Set the CPU Frequency Scaling governor to "ondemand"...
         Starting Permit User Sessions...
         Starting LSB: automatic crash report generation...
         Starting LSB: daemon to balance interrupts for SMP systems...
[[0;32m  OK  [0m] Started LSB: Set the CPU Frequency Scaling governor to "ondemand".
[[0;32m  OK  [0m] Started Permit User Sessions.
         Starting Terminate Plymouth Boot Screen...
         Starting Hold until boot process finishes up...
[[0;32m  OK  [0m] Started Terminate Plymouth Boot Screen.
[[0;32m  OK  [0m] Started LSB: automatic crash report generation.
[[0;32m  OK  [0m] Started LSB: daemon to balance interrupts for SMP systems.
[[0;32m  OK  [0m] Started Hold until boot process finishes up.
[[0;32m  OK  [0m] Started Getty on tty1.
[[0;32m  OK  [0m] Started Serial Getty on ttyS0.
[[0;32m  OK  [0m] Reached target Login Prompts.
         Starting Set console scheme...
[[0;32m  OK  [0m] Started LXD - container startup/shutdown.
[[0;32m  OK  [0m] Started Set console scheme.
[[0;32m  OK  [0m] Created slice User Slice of vagrant.
         Starting User Manager for UID 1000...
[[0;32m  OK  [0m] Started Session 1 of user vagrant.
[[0;32m  OK  [0m] Started User Manager for UID 1000.

Ubuntu 16.04.6 LTS ubuntu-xenial ttyS0

ubuntu-xenial login: [   69.770949] cloud-init[1383]: Cloud-init v. 18.5-45-g3554ffe8-0ubuntu1~16.04.1 running 'modules:config' at Sat, 30 Mar 2019 19:46:05 +0000. Up 68.17 seconds.
[   93.582041] cloud-init[2508]: Cloud-init v. 18.5-45-g3554ffe8-0ubuntu1~16.04.1 running 'modules:final' at Sat, 30 Mar 2019 19:46:30 +0000. Up 92.57 seconds.
[   93.612073] cloud-init[2508]: Cloud-init v. 18.5-45-g3554ffe8-0ubuntu1~16.04.1 finished at Sat, 30 Mar 2019 19:46:31 +0000. Datasource DataSourceNoCloud [seed=/dev/sdb][dsmode=net].  Up 93.57 seconds
