[    0.000000] Initializing cgroup subsys cpuset
[    0.000000] Initializing cgroup subsys cpu
[    0.000000] Initializing cgroup subsys cpuacct
[    0.000000] Linux version 4.4.0-145-generic (buildd@lcy01-amd64-023) (gcc version 5.4.0 20160609 (Ubuntu 5.4.0-6ubuntu1~16.04.10) ) #171-Ubuntu SMP Tue Mar 26 12:44:29 UTC 2019 (Ubuntu 4.4.0-145.171-generic 4.4.176)
[    0.000000] KERNEL supported cpus:
[    0.000000]   Intel GenuineIntel
[    0.000000]   AMD AuthenticAMD
[    0.000000]   NSC Geode by NSC
[    0.000000]   Cyrix CyrixInstead
[    0.000000]   Centaur CentaurHauls
[    0.000000]   Transmeta GenuineTMx86
[    0.000000]   Transmeta TransmetaCPU
[    0.000000]   UMC UMC UMC UMC
[    0.000000] x86/fpu: xstate_offset[2]:  576, xstate_sizes[2]:  256
[    0.000000] x86/fpu: Supporting XSAVE feature 0x01: 'x87 floating point registers'
[    0.000000] x86/fpu: Supporting XSAVE feature 0x02: 'SSE registers'
[    0.000000] x86/fpu: Supporting XSAVE feature 0x04: 'AVX registers'
[    0.000000] x86/fpu: Enabled xstate features 0x7, context size is 832 bytes, using 'standard' format.
[    0.000000] e820: BIOS-provided physical RAM map:
[    0.000000] BIOS-e820: [mem 0x0000000000000000-0x000000000009fbff] usable
[    0.000000] BIOS-e820: [mem 0x000000000009fc00-0x000000000009ffff] reserved
[    0.000000] BIOS-e820: [mem 0x00000000000f0000-0x00000000000fffff] reserved
[    0.000000] BIOS-e820: [mem 0x0000000000100000-0x000000003ffeffff] usable
[    0.000000] BIOS-e820: [mem 0x000000003fff0000-0x000000003fffffff] ACPI data
[    0.000000] BIOS-e820: [mem 0x00000000fec00000-0x00000000fec00fff] reserved
[    0.000000] BIOS-e820: [mem 0x00000000fee00000-0x00000000fee00fff] reserved
[    0.000000] BIOS-e820: [mem 0x00000000fffc0000-0x00000000ffffffff] reserved
[    0.000000] NX (Execute Disable) protection: active
[    0.000000] SMBIOS 2.5 present.
[    0.000000] Hypervisor detected: KVM
[    0.000000] e820: last_pfn = 0x3fff0 max_arch_pfn = 0x1000000
[    0.000000] MTRR: Disabled
[    0.000000] x86/PAT: MTRRs disabled, skipping PAT initialization too.
[    0.000000] CPU MTRRs all blank - virtualized system.
[    0.000000] x86/PAT: Configuration [0-7]: WB  WT  UC- UC  WB  WT  UC- UC  
[    0.000000] found SMP MP-table at [mem 0x0009fff0-0x0009ffff] mapped at [c009fff0]
[    0.000000] Scanning 1 areas for low memory corruption
[    0.000000] RAMDISK: [mem 0x36316000-0x37182fff]
[    0.000000] ACPI: Early table checksum verification disabled
[    0.000000] ACPI: RSDP 0x00000000000E0000 000024 (v02 VBOX  )
[    0.000000] ACPI: XSDT 0x000000003FFF0030 00003C (v01 VBOX   VBOXXSDT 00000001 ASL  00000061)
[    0.000000] ACPI: FACP 0x000000003FFF00F0 0000F4 (v04 VBOX   VBOXFACP 00000001 ASL  00000061)
[    0.000000] ACPI: DSDT 0x000000003FFF0470 0021FF (v02 VBOX   VBOXBIOS 00000002 INTL 20100528)
[    0.000000] ACPI: FACS 0x000000003FFF0200 000040
[    0.000000] ACPI: FACS 0x000000003FFF0200 000040
[    0.000000] ACPI: APIC 0x000000003FFF0240 00005C (v02 VBOX   VBOXAPIC 00000001 ASL  00000061)
[    0.000000] ACPI: SSDT 0x000000003FFF02A0 0001CC (v01 VBOX   VBOXCPUT 00000002 INTL 20100528)
[    0.000000] 131MB HIGHMEM available.
[    0.000000] 891MB LOWMEM available.
[    0.000000]   mapped low ram: 0 - 37bfe000
[    0.000000]   low ram: 0 - 37bfe000
[    0.000000] kvm-clock: Using msrs 4b564d01 and 4b564d00
[    0.000000] kvm-clock: cpu 0, msr 0:37bfd001, primary cpu clock
[    0.000000] kvm-clock: using sched offset of 13330755013 cycles
[    0.000000] clocksource: kvm-clock: mask: 0xffffffffffffffff max_cycles: 0x1cd42e4dffb, max_idle_ns: 881590591483 ns
[    0.000000] Zone ranges:
[    0.000000]   DMA      [mem 0x0000000000001000-0x0000000000ffffff]
[    0.000000]   Normal   [mem 0x0000000001000000-0x0000000037bfdfff]
[    0.000000]   HighMem  [mem 0x0000000037bfe000-0x000000003ffeffff]
[    0.000000] Movable zone start for each node
[    0.000000] Early memory node ranges
[    0.000000]   node   0: [mem 0x0000000000001000-0x000000000009efff]
[    0.000000]   node   0: [mem 0x0000000000100000-0x000000003ffeffff]
[    0.000000] Initmem setup node 0 [mem 0x0000000000001000-0x000000003ffeffff]
[    0.000000] Using APIC driver default
[    0.000000] ACPI: PM-Timer IO Port: 0x4008
[    0.000000] IOAPIC[0]: apic_id 2, version 32, address 0xfec00000, GSI 0-23
[    0.000000] ACPI: INT_SRC_OVR (bus 0 bus_irq 0 global_irq 2 dfl dfl)
[    0.000000] ACPI: INT_SRC_OVR (bus 0 bus_irq 9 global_irq 9 low level)
[    0.000000] Using ACPI (MADT) for SMP configuration information
[    0.000000] smpboot: Allowing 2 CPUs, 0 hotplug CPUs
[    0.000000] PM: Registered nosave memory: [mem 0x00000000-0x00000fff]
[    0.000000] PM: Registered nosave memory: [mem 0x0009f000-0x0009ffff]
[    0.000000] PM: Registered nosave memory: [mem 0x000a0000-0x000effff]
[    0.000000] PM: Registered nosave memory: [mem 0x000f0000-0x000fffff]
[    0.000000] e820: [mem 0x40000000-0xfebfffff] available for PCI devices
[    0.000000] Booting paravirtualized kernel on KVM
[    0.000000] clocksource: refined-jiffies: mask: 0xffffffff max_cycles: 0xffffffff, max_idle_ns: 7645519600211568 ns
[    0.000000] setup_percpu: NR_CPUS:8 nr_cpumask_bits:8 nr_cpu_ids:2 nr_node_ids:1
[    0.000000] PERCPU: Embedded 19 pages/cpu @f71b0000 s47308 r0 d30516 u77824
[    0.000000] Built 1 zonelists in Zone order, mobility grouping on.  Total pages: 259800
[    0.000000] Kernel command line: BOOT_IMAGE=/boot/vmlinuz-4.4.0-145-generic root=UUID=605eeaef-31fd-41ed-8504-34f290756b9e ro console=tty1 console=ttyS0
[    0.000000] PID hash table entries: 4096 (order: 2, 16384 bytes)
[    0.000000] Dentry cache hash table entries: 131072 (order: 7, 524288 bytes)
[    0.000000] Inode-cache hash table entries: 65536 (order: 6, 262144 bytes)
[    0.000000] Initializing CPU#0
[    0.000000] Initializing HighMem for node 0 (00037bfe:0003fff0)
[    0.000000] Initializing Movable for node 0 (00000000:00000000)
[    0.000000] Memory: 1008000K/1048120K available (8098K kernel code, 792K rwdata, 3184K rodata, 932K init, 784K bss, 40120K reserved, 0K cma-reserved, 135112K highmem)
[    0.000000] virtual kernel memory layout:
[    0.000000]     fixmap  : 0xfff15000 - 0xfffff000   ( 936 kB)
[    0.000000]     pkmap   : 0xffc00000 - 0xffe00000   (2048 kB)
[    0.000000]     vmalloc : 0xf83fe000 - 0xffbfe000   ( 120 MB)
[    0.000000]     lowmem  : 0xc0000000 - 0xf7bfe000   ( 891 MB)
[    0.000000]       .init : 0xc1bcf000 - 0xc1cb8000   ( 932 kB)
[    0.000000]       .data : 0xc17e8dc8 - 0xc1bcd100   (3984 kB)
[    0.000000]       .text : 0xc1000000 - 0xc17e8dc8   (8099 kB)
[    0.000000] Checking if this processor honours the WP bit even in supervisor mode...Ok.
[    0.000000] SLUB: HWalign=64, Order=0-3, MinObjects=0, CPUs=2, Nodes=1
[    0.000000] Hierarchical RCU implementation.
[    0.000000] 	Build-time adjustment of leaf fanout to 32.
[    0.000000] 	RCU restricting CPUs from NR_CPUS=8 to nr_cpu_ids=2.
[    0.000000] RCU: Adjusting geometry for rcu_fanout_leaf=32, nr_cpu_ids=2
[    0.000000] NR_IRQS:2304 nr_irqs:440 16
[    0.000000] Console: colour VGA+ 80x25
[    0.000000] console [tty1] enabled
[    0.000000] console [ttyS0] enabled
[    0.000000] allocated 1048576 bytes of page_ext
[    0.000000] tsc: Detected 2904.002 MHz processor
[    3.188138] Calibrating delay loop (skipped) preset value.. 5808.00 BogoMIPS (lpj=11616008)
[    3.227165] pid_max: default: 32768 minimum: 301
[    3.248022] ACPI: Core revision 20150930
[    3.268300] ACPI: 2 ACPI AML tables successfully acquired and loaded
[    3.299331] Security Framework initialized
[    3.318317] Yama: becoming mindful.
[    3.335643] AppArmor: AppArmor initialized
[    3.354943] Mount-cache hash table entries: 2048 (order: 1, 8192 bytes)
[    3.381525] Mountpoint-cache hash table entries: 2048 (order: 1, 8192 bytes)
[    3.411001] Initializing cgroup subsys io
[    3.429901] Initializing cgroup subsys memory
[    3.451927] Initializing cgroup subsys devices
[    3.482159] Initializing cgroup subsys freezer
[    3.504413] Initializing cgroup subsys net_cls
[    3.525098] Initializing cgroup subsys perf_event
[    3.547012] Initializing cgroup subsys net_prio
[    3.567294] Initializing cgroup subsys hugetlb
[    3.588665] Initializing cgroup subsys pids
[    3.612440] mce: CPU supports 0 MCE banks
[    3.631592] Last level iTLB entries: 4KB 64, 2MB 8, 4MB 8
[    3.654742] Last level dTLB entries: 4KB 64, 2MB 0, 4MB 0, 1GB 4
[    3.680333] Spectre V2 : Mitigation: Full generic retpoline
[    3.704017] Spectre V2 : Spectre v2 / SpectreRSB mitigation: Filling RSB on context switch
[    3.741188] Speculative Store Bypass: Vulnerable
[    3.807377] Freeing SMP alternatives memory: 36K
[    3.905775] ftrace: allocating 31556 entries in 62 pages
[    4.412865] smpboot: APIC(0) Converting physical 0 to logical package 0
[    4.441539] smpboot: Max logical packages: 1
[    4.463850] Enabling APIC mode:  Flat.  Using 1 I/O APICs
[    4.514006] ..TIMER: vector=0x30 apic1=0 pin1=2 apic2=-1 pin2=-1
[    4.655045] smpboot: CPU0: Intel(R) Core(TM) i7-7500U CPU @ 2.70GHz (family: 0x6, model: 0x8e, stepping: 0x9)
[    4.704204] Performance Events: unsupported p6 CPU model 142 no PMU driver, software events only.
[    4.818861] KVM setup paravirtual spinlock
[    4.838758] x86: Booting SMP configuration:
[    4.858503] .... node  #0, CPUs:      #1
[1266874876.378796] Initializing CPU#1
[    4.891053] kvm-clock: cpu 1, msr 0:37bfd041, secondary cpu clock
[    4.924665] mce: CPU supports 0 MCE banks
[    4.939948] x86: Booted up 1 node, 2 CPUs
[    4.963141] smpboot: Total of 2 processors activated (11616.00 BogoMIPS)
[    4.996537] devtmpfs: initialized
[    5.013574] evm: security.selinux
[    5.030400] evm: security.SMACK64
[    5.047335] evm: security.SMACK64EXEC
[    5.066071] evm: security.SMACK64TRANSMUTE
[    5.088262] evm: security.SMACK64MMAP
[    5.107347] evm: security.ima
[    5.127238] evm: security.capability
[    5.147440] clocksource: jiffies: mask: 0xffffffff max_cycles: 0xffffffff, max_idle_ns: 7645041785100000 ns
[    5.189846] futex hash table entries: 512 (order: 3, 32768 bytes)
[    5.216442] pinctrl core: initialized pinctrl subsystem
[    5.241554] RTC time: 15:38:10, date: 04/05/19
[    5.263637] NET: Registered protocol family 16
[    5.284268] EISA bus registered
[    5.313741] cpuidle: using governor ladder
[    5.343150] cpuidle: using governor menu
[    5.362645] PCCT header not found.
[    5.380085] ACPI: bus type PCI registered
[    5.399186] acpiphp: ACPI Hot Plug PCI Controller Driver version: 0.5
[    5.428810] PCI : PCI BIOS area is rw and x. Use pci=nobios if you want it NX.
[    5.462793] PCI: PCI BIOS revision 2.10 entry at 0xfda26, last bus=0
[    5.489784] PCI: Using configuration type 1 for base access
[    5.535853] ACPI: Added _OSI(Module Device)
[    5.557532] ACPI: Added _OSI(Processor Device)
[    5.579943] ACPI: Added _OSI(3.0 _SCP Extensions)
[    5.601215] ACPI: Added _OSI(Processor Aggregator Device)
[    5.630826] ACPI: Executed 1 blocks of module-level executable AML code
[    5.669491] ACPI: Interpreter enabled
[    5.688228] ACPI: (supports S0 S5)
[    5.705761] ACPI: Using IOAPIC for interrupt routing
[    5.728589] PCI: Using host bridge windows from ACPI; if necessary, use "pci=nocrs" and report a bug
[    5.792884] ACPI: PCI Root Bridge [PCI0] (domain 0000 [bus 00-ff])
[    5.818919] acpi PNP0A03:00: _OSC: OS supports [ASPM ClockPM Segments MSI]
[    6.054070] acpi PNP0A03:00: _OSC: not requesting OS control; OS requires [ExtendedConfig ASPM ClockPM MSI]
[    6.097230] acpi PNP0A03:00: fail to add MMCONFIG information, can't access extended PCI configuration space under this bridge.
[    6.148753] PCI host bridge to bus 0000:00
[    6.168751] pci_bus 0000:00: root bus resource [io  0x0000-0x0cf7 window]
[    6.199492] pci_bus 0000:00: root bus resource [io  0x0d00-0xffff window]
[    6.229867] pci_bus 0000:00: root bus resource [mem 0x000a0000-0x000bffff window]
[    6.266440] pci_bus 0000:00: root bus resource [mem 0x40000000-0xfdffffff window]
[    6.301946] pci_bus 0000:00: root bus resource [bus 00-ff]
[    6.373189] pci 0000:00:01.1: legacy IDE quirk: reg 0x10: [io  0x01f0-0x01f7]
[    6.403223] pci 0000:00:01.1: legacy IDE quirk: reg 0x14: [io  0x03f6]
[    6.431147] pci 0000:00:01.1: legacy IDE quirk: reg 0x18: [io  0x0170-0x0177]
[    6.460653] pci 0000:00:01.1: legacy IDE quirk: reg 0x1c: [io  0x0376]
[    6.636780] pci 0000:00:07.0: quirk: [io  0x4000-0x403f] claimed by PIIX4 ACPI
[    6.671315] pci 0000:00:07.0: quirk: [io  0x4100-0x410f] claimed by PIIX4 SMB
[    6.756732] ACPI: PCI Interrupt Link [LNKA] (IRQs 5 9 10 *11)
[    6.796843] ACPI: PCI Interrupt Link [LNKB] (IRQs 5 9 *10 11)
[    6.836477] ACPI: PCI Interrupt Link [LNKC] (IRQs 5 *9 10 11)
[    6.876962] ACPI: PCI Interrupt Link [LNKD] (IRQs 5 9 10 *11)
[    6.917700] ACPI: Enabled 2 GPEs in block 00 to 07
[    6.948686] vgaarb: setting as boot device: PCI:0000:00:02.0
[    6.975848] vgaarb: device added: PCI:0000:00:02.0,decodes=io+mem,owns=io+mem,locks=none
[    7.012504] vgaarb: loaded
[    7.027639] vgaarb: bridge control possible 0000:00:02.0
[    7.052125] SCSI subsystem initialized
[    7.072154] ACPI: bus type USB registered
[    7.091211] usbcore: registered new interface driver usbfs
[    7.115994] usbcore: registered new interface driver hub
[    7.139711] usbcore: registered new device driver usb
[    7.165085] PCI: Using ACPI for IRQ routing
[    7.189424] NetLabel: Initializing
[    7.206905] NetLabel:  domain hash size = 128
[    7.227963] NetLabel:  protocols = UNLABELED CIPSOv4
[    7.251205] NetLabel:  unlabeled traffic allowed by default
[    7.279912] amd_nb: Cannot enumerate AMD northbridges
[    7.305401] clocksource: Switched to clocksource kvm-clock
[    7.342576] AppArmor: AppArmor Filesystem Enabled
[    7.364178] pnp: PnP ACPI init
[    7.387962] pnp: PnP ACPI: found 3 devices
[    7.407231] PnPBIOS: Disabled by ACPI PNP
[    7.535203] clocksource: acpi_pm: mask: 0xffffff max_cycles: 0xffffff, max_idle_ns: 2085701024 ns
[    7.573320] NET: Registered protocol family 2
[    7.593847] TCP established hash table entries: 8192 (order: 3, 32768 bytes)
[    7.623295] TCP bind hash table entries: 8192 (order: 4, 65536 bytes)
[    7.653621] TCP: Hash tables configured (established 8192 bind 8192)
[    7.679105] UDP hash table entries: 512 (order: 2, 16384 bytes)
[    7.703736] UDP-Lite hash table entries: 512 (order: 2, 16384 bytes)
[    7.729220] NET: Registered protocol family 1
[    7.749660] pci 0000:00:00.0: Limiting direct PCI/PCI transfers
[    7.776076] pci 0000:00:01.0: Activating ISA DMA hang workarounds
[    7.803166] Unpacking initramfs...
[    8.149305] Freeing initrd memory: 14772K
[    8.169706] platform rtc_cmos: registered platform RTC device (no PNP device found)
[    8.204370] Scanning for low memory corruption every 60 seconds
[    8.232747] audit: initializing netlink subsys (disabled)
[    8.257136] audit: type=2000 audit(1554478702.925:1): initialized
[    8.283531] Initialise system trusted keyring
[    8.305952] HugeTLB registered 2 MB page size, pre-allocated 0 pages
[    8.335100] zbud: loaded
[    8.353806] VFS: Disk quotas dquot_6.6.0
[    8.374413] VFS: Dquot-cache hash table entries: 1024 (order 0, 4096 bytes)
[    8.407908] squashfs: version 4.0 (2009/01/31) Phillip Lougher
[    8.437099] fuse init (API version 7.23)
[    8.456968] Key type big_key registered
[    8.475238] Allocating IMA MOK and blacklist keyrings.
[    8.522118] Key type asymmetric registered
[    8.541911] Asymmetric key parser 'x509' registered
[    8.563879] bounce: pool size: 64 pages
[    8.582949] Block layer SCSI generic (bsg) driver version 0.4 loaded (major 249)
[    8.618790] io scheduler noop registered
[    8.637595] io scheduler deadline registered (default)
[    8.662680] io scheduler cfq registered
[    8.692581] pci_hotplug: PCI Hot Plug PCI Core version: 0.5
[    8.716177] pciehp: PCI Express Hot Plug Controller Driver version: 0.4
[    8.743288] ACPI: AC Adapter [AC] (on-line)
[    8.763435] input: Power Button as /devices/LNXSYSTM:00/LNXPWRBN:00/input/input0
[    8.797548] ACPI: Power Button [PWRF]
[    8.815876] input: Sleep Button as /devices/LNXSYSTM:00/LNXSLPBN:00/input/input1
[    8.848726] ACPI: Sleep Button [SLPF]
[    8.868960] GHES: HEST is not enabled!
[    8.876225] ACPI: Battery Slot [BAT0] (battery present)
[    8.910282] isapnp: Scanning for PnP cards...
[    8.910588] Serial: 8250/16550 driver, 32 ports, IRQ sharing enabled
[    9.006737] 00:02: ttyS0 at I/O 0x3f8 (irq = 4, base_baud = 115200) is a 16550A
[    9.071703] Linux agpgart interface v0.103
[    9.111770] loop: module loaded
[    9.133877] scsi host0: ata_piix
[    9.151619] scsi host1: ata_piix
[    9.168969] ata1: PATA max UDMA/33 cmd 0x1f0 ctl 0x3f6 bmdma 0xd000 irq 14
[    9.229123] ata2: PATA max UDMA/33 cmd 0x170 ctl 0x376 bmdma 0xd008 irq 15
[    9.290722] libphy: Fixed MDIO Bus: probed
[    9.311662] tun: Universal TUN/TAP device driver, 1.6
[    9.337609] tun: (C) 1999-2004 Max Krasnyansky <maxk@qualcomm.com>
[    9.364162] PPP generic driver version 2.4.2
[    9.392487] ehci_hcd: USB 2.0 'Enhanced' Host Controller (EHCI) Driver
[    9.441377] ehci-pci: EHCI PCI platform driver
[    9.481106] ehci-platform: EHCI generic platform driver
[    9.507275] ohci_hcd: USB 1.1 'Open' Host Controller (OHCI) Driver
[    9.535301] ohci-pci: OHCI PCI platform driver
[    9.559850] ohci-platform: OHCI generic platform driver
[    9.582797] uhci_hcd: USB Universal Host Controller Interface driver
[    9.618539] i8042: PNP: PS/2 Controller [PNP0303:PS2K,PNP0f03:PS2M] at 0x60,0x64 irq 1,12
[    9.627887] isapnp: No Plug & Play device found
[    9.683997] serio: i8042 KBD port at 0x60,0x64 irq 1
[    9.706712] serio: i8042 AUX port at 0x60,0x64 irq 12
[    9.729981] mousedev: PS/2 mouse device common for all mice
[    9.760104] rtc_cmos rtc_cmos: rtc core: registered rtc_cmos as rtc0
[    9.788670] input: AT Translated Set 2 keyboard as /devices/platform/i8042/serio0/input/input2
[    9.828112] rtc_cmos rtc_cmos: alarms up to one day, 114 bytes nvram
[    9.854467] i2c /dev entries driver
[    9.872976] device-mapper: uevent: version 1.0.3
[    9.894849] device-mapper: ioctl: 4.34.0-ioctl (2015-10-28) initialised: dm-devel@redhat.com
[    9.932097] platform eisa.0: Probing EISA bus 0
[    9.953622] platform eisa.0: EISA: Cannot allocate resource for mainboard
[    9.980253] platform eisa.0: Cannot allocate resource for EISA slot 1
[   10.006274] platform eisa.0: Cannot allocate resource for EISA slot 2
[   10.032421] platform eisa.0: Cannot allocate resource for EISA slot 3
[   10.059065] platform eisa.0: Cannot allocate resource for EISA slot 4
[   10.087088] platform eisa.0: Cannot allocate resource for EISA slot 5
[   10.113270] platform eisa.0: Cannot allocate resource for EISA slot 6
[   10.139038] platform eisa.0: Cannot allocate resource for EISA slot 7
[   10.165367] platform eisa.0: Cannot allocate resource for EISA slot 8
[   10.191790] platform eisa.0: EISA: Detected 0 cards
[   10.214396] cpufreq-nforce2: No nForce2 chipset.
[   10.234974] ledtrig-cpu: registered to indicate activity on CPUs
[   10.260338] NET: Registered protocol family 10
[   10.281930] NET: Registered protocol family 17
[   10.301886] Key type dns_resolver registered
[   10.322063] Using IPI No-Shortcut mode
[   10.345046] registered taskstats version 1
[   10.363526] Loading compiled-in X.509 certificates
[   10.386942] Loaded X.509 cert 'Build time autogenerated kernel key: 94e0aa8802c72e564137a0b5a234dba96bfe4cb5'
[   10.428744] zswap: loaded using pool lzo/zbud
[   10.455062] Key type trusted registered
[   10.486975] Key type encrypted registered
[   10.507985] AppArmor: AppArmor sha1 policy hashing enabled
[   10.534434] ima: No TPM chip found, activating TPM-bypass!
[   10.558239] ima: Allocated hash algorithm: sha1
[   10.579001] evm: HMAC attrs: 0x1
[   10.602403]   Magic number: 15:533:638
[   10.622348] rtc_cmos rtc_cmos: setting system clock to 2019-04-05 15:38:15 UTC (1554478695)
[   10.660111] BIOS EDD facility v0.16 2004-Jun-25, 0 devices found
[   10.684801] EDD information not available.
[   10.711550] Freeing unused kernel memory: 932K
[   10.746893] Write protecting the kernel text: 8100k
[   10.770107] Write protecting the kernel read-only data: 3192k
[   10.794656] NX-protecting the kernel data: 6236k
Loading, please wait...
starting version[   10.860326] random: udevadm: uninitialized urandom read (16 bytes read, 6 bits of entropy available)
 229
[   10.886433] random: systemd-udevd: uninitialized urandom read (16 bytes read, 6 bits of entropy available)
[   10.886493] random: systemd-udevd: uninitialized urandom read (16 bytes read, 6 bits of entropy available)
[   10.886509] random: systemd-udevd: uninitialized urandom read (16 bytes read, 6 bits of entropy available)
[   11.036155] random: systemd-udevd: uninitialized urandom read (16 bytes read, 6 bits of entropy available)
[   11.036403] random: udevadm: uninitialized urandom read (16 bytes read, 6 bits of entropy available)
[   11.036448] random: udevadm: uninitialized urandom read (16 bytes read, 6 bits of entropy available)
[   11.036719] random: udevadm: uninitialized urandom read (16 bytes read, 6 bits of entropy available)
[   11.036775] random: udevadm: uninitialized urandom read (16 bytes read, 6 bits of entropy available)
[   11.036825] random: udevadm: uninitialized urandom read (16 bytes read, 6 bits of entropy available)
[   11.567763] Fusion MPT base driver 3.04.20
[   11.589145] Copyright (c) 1999-2008 LSI Corporation
[   11.589507] e1000: Intel(R) PRO/1000 Network Driver - version 7.3.21-k8-NAPI
[   11.589507] e1000: Copyright (c) 1999-2006 Intel Corporation.
[   11.748293] Fusion MPT SPI Host driver 3.04.20
[   11.967018] input: ImExPS/2 Generic Explorer Mouse as /devices/platform/i8042/serio1/input/input4
[   13.589346] e1000 0000:00:03.0 eth0: (PCI:33MHz:32-bit) 02:29:df:e4:9c:08
[   13.617818] e1000 0000:00:03.0 eth0: Intel(R) PRO/1000 Network Connection
[   13.654605] e1000 0000:00:03.0 enp0s3: renamed from eth0
[   13.679428] mptbase: ioc0: Initiating bringup
[   13.769858] ioc0: LSI53C1030 A0: Capabilities={Initiator}
[   14.005271] scsi host2: ioc0: LSI53C1030 A0, FwRev=00000000h, Ports=1, MaxQ=256, IRQ=20
[   14.166996] scsi 2:0:0:0: Direct-Access     VBOX     HARDDISK         1.0  PQ: 0 ANSI: 5
[   14.225727] scsi target2:0:0: Beginning Domain Validation
[   14.260484] scsi target2:0:0: Domain Validation skipping write tests
[   14.286639] scsi target2:0:0: Ending Domain Validation
[   14.310996] scsi target2:0:0: asynchronous
[   14.334882] scsi 2:0:1:0: Direct-Access     VBOX     HARDDISK         1.0  PQ: 0 ANSI: 5
[   14.370157] scsi target2:0:1: Beginning Domain Validation
[   14.404893] scsi target2:0:1: Domain Validation skipping write tests
[   14.431190] scsi target2:0:1: Ending Domain Validation
[   14.454470] scsi target2:0:1: asynchronous
[   14.531640] sd 2:0:0:0: Attached scsi generic sg0 type 0
[   14.555110] sd 2:0:0:0: [sda] 20971520 512-byte logical blocks: (10.7 GB/10.0 GiB)
[   14.592055] sd 2:0:1:0: [sdb] 20480 512-byte logical blocks: (10.5 MB/10.0 MiB)
[   14.630317] sd 2:0:1:0: Attached scsi generic sg1 type 0
[   14.657299] sd 2:0:0:0: [sda] Write Protect is off
[   14.680526] sd 2:0:1:0: [sdb] Write Protect is off
[   14.680628] sd 2:0:0:0: [sda] Incomplete mode parameter data
[   14.680630] sd 2:0:0:0: [sda] Assuming drive cache: write through
[   14.686056]  sda: sda1
[   14.688787] sd 2:0:0:0: [sda] Attached SCSI disk
[   14.792245] sd 2:0:1:0: [sdb] Incomplete mode parameter data
[   14.821365] sd 2:0:1:0: [sdb] Assuming drive cache: write through
[   14.881815] sd 2:0:1:0: [sdb] Attached SCSI disk
Begin: Loading essential drivers ... [   21.943845] md: linear personality registered for level -1
[   21.979170] md: multipath personality registered for level -4
[   22.014256] md: raid0 personality registered for level 0
[   22.068480] md: raid1 personality registered for level 1
[   22.178304] raid6: mmxx1    gen()  4302 MB/s
[   22.266782] raid6: mmxx2    gen()  5730 MB/s
[   22.361908] raid6: sse1x1   gen()  4388 MB/s
[   22.449740] raid6: sse1x2   gen()  5158 MB/s
[   22.534300] raid6: sse2x1   gen()  9834 MB/s
[   22.617959] raid6: sse2x1   xor()  5603 MB/s
[   22.706033] raid6: sse2x2   gen() 11072 MB/s
[   22.793747] raid6: sse2x2   xor()  7641 MB/s
[   22.881766] raid6: avx2x1   gen() 19581 MB/s
[   22.969939] raid6: avx2x2   gen() 21473 MB/s
[   22.989749] raid6: using algorithm avx2x2 gen() 21473 MB/s
[   23.013119] raid6: using avx2x1 recovery algorithm
[   23.043967] xor: automatically using best checksumming function:
[   23.105593]    avx       : 21723.000 MB/sec
[   23.132550] async_tx: api initialized (async)
[   23.262297] md: raid6 personality registered for level 6
[   23.285056] md: raid5 personality registered for level 5
[   23.308667] md: raid4 personality registered for level 4
[   23.375268] md: raid10 personality registered for level 10
done.
Begin: Running /scripts/init-premount ... done.
Begin: Mounting root file system ... Begin: Running /scripts/local-top ... done.
Begin: Running /scripts/local-premount ... [   23.547509] Btrfs loaded
Scanning for Btrfs filesystems
done.
Warning: fsck not present, so skipping root file system
[   23.703123] EXT4-fs (sda1): INFO: recovery required on readonly filesystem
[   23.732773] EXT4-fs (sda1): write access will be enabled during recovery
[   24.042518] EXT4-fs (sda1): orphan cleanup on readonly fs
[   24.395037] EXT4-fs (sda1): 6 orphan inodes deleted
[   24.421583] EXT4-fs (sda1): recovery complete
[   24.447596] EXT4-fs (sda1): mounted filesystem with ordered data mode. Opts: (null)
done.
Begin: Running /scripts/local-bottom ... done.
Begin: Running /scripts/init-bottom ... [   24.677290] random: nonblocking pool is initialized
done.
[   25.672977] systemd[1]: systemd 229 running in system mode. (+PAM +AUDIT +SELINUX +IMA +APPARMOR +SMACK +SYSVINIT +UTMP +LIBCRYPTSETUP +GCRYPT +GNUTLS +ACL +XZ -LZ4 +SECCOMP +BLKID +ELFUTILS +KMOD -IDN)
[   25.744280] systemd[1]: Detected virtualization oracle.
[   25.772113] systemd[1]: Detected architecture x86.

Welcome to [1mUbuntu 16.04.6 LTS[0m!

[   25.866877] systemd[1]: Set hostname to <ubuntu-xenial>.
[   27.258386] systemd[1]: Listening on Journal Socket.
[[0;32m  OK  [0m] Listening on Journal Socket.
[   27.298068] systemd[1]: Listening on LVM2 metadata daemon socket.
[[0;32m  OK  [0m] Listening on LVM2 metadata daemon socket.
[   27.346653] systemd[1]: Listening on udev Kernel Socket.
[[0;32m  OK  [0m] Listening on udev Kernel Socket.
[   27.396087] systemd[1]: Started Trigger resolvconf update for networkd DNS.
[[0;32m  OK  [0m] Started Trigger resolvconf update for networkd DNS.
[   27.446478] systemd[1]: Created slice System Slice.
[[0;32m  OK  [0m] Created slice System Slice.
[   27.498316] systemd[1]: Mounting Debug File System...
         Mounting Debug File System...
[   27.540268] systemd[1]: Listening on Journal Audit Socket.
[[0;32m  OK  [0m] Listening on Journal Audit Socket.
[   27.590303] systemd[1]: Listening on Syslog Socket.
[[0;32m  OK  [0m] Listening on Syslog Socket.
[   27.635814] systemd[1]: Created slice system-serial\x2dgetty.slice.
[[0;32m  OK  [0m] Created slice system-serial\x2dgetty.slice.
[   27.683905] systemd[1]: Listening on Device-mapper event daemon FIFOs.
[[0;32m  OK  [0m] Listening on Device-mapper event daemon FIFOs.
[   27.732660] systemd[1]: Listening on Journal Socket (/dev/log).
[[0;32m  OK  [0m] Listening on Journal Socket (/dev/log).
[   27.790475] systemd[1]: Starting Create list of required static device nodes for the current kernel...
         Starting Create list of required st... nodes for the current kernel...
[   27.857798] systemd[1]: Starting Journal Service...
         Starting Journal Service...
[   27.927772] systemd[1]: Starting Load Kernel Modules...
         Starting Load Kernel Modules...
[   27.983374] systemd[1]: Set up automount Arbitrary Executable File Formats File System Automount Point.
[   28.030245] Loading iSCSI transport class v2.0-870.
[[0;32m  OK  [0m] Set up automount Arbitrary Executab...ats File System Automount Point.
[   28.070725] systemd[1]: Created slice User and Session Slice.
[[0;32m  OK  [0m] Created slice User and Session Slice.
[   28.127820] iscsi: registered transport (tcp)
[   28.150047] systemd[1]: Mounting POSIX Message Queue File System...
         Mounting POSIX Message Queue File System...
[   28.198860] systemd[1]: Starting Monitoring of LVM2 mirrors, snapshots etc. using dmeventd or progress polling...
         Starting Monitoring of LVM2 mirrors... dmeventd or progress polling...
[   28.269293] systemd[1]: Reached target Slices.
[[0;32m  OK  [0m] Reached target Slices.
[   28.329972] systemd[1]: Starting Uncomplicated firewall...
         Starting Uncomplicated firewall...
[   28.406326] systemd[1]: Reached target Swap.
[[0;32m  OK  [0m] Reached target Swap.
[   28.472004] systemd[1]: Listening on udev Control Socket.
[[0;32m  OK  [0m] Listening on udev Control Socket.
[   28.532135] systemd[1]: Started Forward Password Requests to Wall Directory Watch.
[[0;32m  OK  [0m] Started Forward Password Requests to Wall Directory Watch.
[   28.618112] iscsi: registered transport (iser)
[   28.642557] systemd[1]: Mounting Huge Pages File System...
         Mounting Huge Pages File System...
[   28.691979] systemd[1]: Reached target System Time Synchronized.
[[0;32m  OK  [0m] Reached target System Time Synchronized.
[   28.746539] systemd[1]: Reached target User and Group Name Lookups.
[[0;32m  OK  [0m] Reached target User and Group Name Lookups.
[   28.805739] systemd[1]: Listening on /dev/initctl Compatibility Named Pipe.
[[0;32m  OK  [0m] Listening on /dev/initctl Compatibility Named Pipe.
[   28.886679] systemd[1]: Starting Nameserver information manager...
         Starting Nameserver information manager...
[   28.939081] systemd[1]: Starting Remount Root and Kernel File Systems...
[   28.974504] EXT4-fs (sda1): re-mounted. Opts: (null)
         Starting Remount Root and Kernel File Systems...
[   29.013298] systemd[1]: Starting Set console keymap...
         Starting Set console keymap...
[   29.070702] systemd[1]: Reached target Encrypted Volumes.
[[0;32m  OK  [0m] Reached target Encrypted Volumes.
[   29.135943] systemd[1]: Listening on LVM2 poll daemon socket.
[[0;32m  OK  [0m] Listening on LVM2 poll daemon socket.
[   29.211145] systemd[1]: Mounted Debug File System.
[[0;32m  OK  [0m] Mounted Debug File System.
[   29.266410] systemd[1]: Mounted Huge Pages File System.
[[0;32m  OK  [0m] Mounted Huge Pages File System.
[   29.324316] systemd[1]: Mounted POSIX Message Queue File System.
[[0;32m  OK  [0m] Mounted POSIX Message Queue File System.
[   29.390700] systemd[1]: Started Journal Service.
[[0;32m  OK  [0m] Started Journal Service.
[[0;32m  OK  [0m] Started Create list of required sta...ce nodes for the current kernel.
[[0;32m  OK  [0m] Started Load Kernel Modules.
[[0;32m  OK  [0m] Started Uncomplicated firewall.
[[0;32m  OK  [0m] Started Remount Root and Kernel File Systems.
[[0;32m  OK  [0m] Started Set console keymap.
[[0;32m  OK  [0m] Started Nameserver information manager.
[[0;32m  OK  [0m] Started LVM2 metadata daemon.
         Starting Load/Save Random Seed...
         Starting udev Coldplug all Devices...
         Mounting FUSE Control File System...
         Starting Apply Kernel Variables...
         Starting Create Static Device Nodes in /dev...
         Starting Flush Journal to Persistent Storage...
[[0;32m  OK  [0m] Mounted FUSE Control File System.
[[0;32m  OK  [0m] Started Load/Save Random Seed.
[[0;32m  OK  [0m] Started Apply Kernel Variables.
[[0;32m  OK  [0m] Started udev Coldplug all Devices.
[[0;32m  OK  [0m] Started Flush Journal to Persistent Storage.
[[0;32m  OK  [0m] Started Monitoring of LVM2 mirrors,...ng dmeventd or progress polling.
[[0;32m  OK  [0m] Started Create Static Device Nodes in /dev.
[[0;32m  OK  [0m] Reached target Local File Systems (Pre).
[[0;32m  OK  [0m] Reached target Local File Systems.
         Starting Initial cloud-init job (pre-networking)...
         Starting LSB: AppArmor initialization...
         Starting Tell Plymouth To Write Out Runtime Data...
         Starting Set console font and keymap...
         Starting Create Volatile Files and Directories...
         Starting udev Kernel Device Manager...
[[0;32m  OK  [0m] Started Tell Plymouth To Write Out Runtime Data.
[[0;32m  OK  [0m] Started Create Volatile Files and Directories.
[[0;32m  OK  [0m] Started LSB: AppArmor initialization.
[[0;32m  OK  [0m] Started udev Kernel Device Manager.
[[0;32m  OK  [0m] Found device /dev/ttyS0.
[   30.865171] cloud-init[459]: Cloud-init v. 18.5-45-g3554ffe8-0ubuntu1~16.04.1 running 'init-local' at Fri, 05 Apr 2019 15:38:40 +0000. Up 29.86 seconds.
[[0;32m  OK  [0m] Started Initial cloud-init job (pre-networking).
[[0;32m  OK  [0m] Reached target Network (Pre).
[[0;32m  OK  [0m] Listening on Load/Save RF Kill Switch Status /dev/rfkill Watch.
[[0;32m  OK  [0m] Started ifup for enp0s3.
[[0;32m  OK  [0m] Started Dispatch Password Requests to Console Directory Watch.
         Starting Raise network interfaces...
         Starting Update UTMP about System Boot/Shutdown...
[[0;32m  OK  [0m] Started Set console font and keymap.
[[0;32m  OK  [0m] Created slice system-getty.slice.
[[0;32m  OK  [0m] Started Update UTMP about System Boot/Shutdown.
[[0;32m  OK  [0m] Started Raise network interfaces.
[[0;32m  OK  [0m] Reached target Network.
         Starting Initial cloud-init job (metadata service crawler)...
[   45.569927] cloud-init[958]: Cloud-init v. 18.5-45-g3554ffe8-0ubuntu1~16.04.1 running 'init' at Fri, 05 Apr 2019 15:38:55 +0000. Up 44.95 seconds.
[   45.633393] cloud-init[958]: ci-info: ++++++++++++++++++++++++++++++++++++++Net device info++++++++++++++++++++++++++++++++++++++
[   45.637241] cloud-init[958]: ci-info: +--------+------+----------------------------+---------------+--------+-------------------+
[[   45.637344] cloud-init[958]: ci-info: | Device |  Up  |          Address           |      Mask     | Scope  |     Hw-Address    |
[   45.645243] cloud-init[958]: ci-info: +--------+------+----------------------------+---------------+--------+-------------------+
[   45.645350] cloud-init[958]: ci-info: | enp0s3 | True |         10.0.2.15          | 255.255.255.0 | global | 02:29:df:e4:9c:08 |
[   45.645431] cloud-init[958]: ci-info: | enp0s3 | True | fe80::29:dfff:fee4:9c08/64 |       .       |  link  | 02:29:df:e4:9c:08 |
[   45.645503] cloud-init[958]: ci-info: |   lo   | True |         127.0.0.1          |   255.0.0.0   |  host  |         .         |
[   45.645580] cloud-init[958]: ci-info: |   lo   | True |          ::1/128           |       .       |  host  |         .         |
[   45.645650] cloud-init[958]: ci-info: +--------+------+----------------------------+---------------+--------+-------------------+
[   45.645718] cloud-init[958]: ci-info: +++++++++++++++++++++++++++Route IPv4 info++++++++++++++++++++++++++++
[   45.645928] cloud-init[958]: ci-info: +-------+-------------+----------+---------------+-----------+-------+
[   45.646003] cloud-init[958]: ci-info: | Route | Destination | Gateway  |    Genmask    | Interface | Flags |
[   45.646073] cloud-init[958]: ci-info: +-------+-------------+----------+---------------+-----------+-------+
[   45.646144] cloud-init[958]: ci-info: |   0   |   0.0.0.0   | 10.0.2.2 |    0.0.0.0    |   enp0s3  |   UG  |
[   45.646216] cloud-init[958]: ci-info: |   1   |   10.0.2.0  | 0.0.0.0  | 255.255.255.0 |   enp0s3  |   U   |
[   45.646287] cloud-init[958]: ci-info: +-------+-------------+----------+---------------+-----------+-------+
[   45.646367] cloud-init[958]: ci-info: +++++++++++++++++++Route IPv6 info+++++++++++++++++++
[   45.646473] cloud-init[958]: ci-info: +-------+-------------+---------+-----------+-------+
[   45.646581] cloud-init[958]: ci-info: | Route | Destination | Gateway | Interface | Flags |
[   45.646688] cloud-init[958]: ci-info: +-------+-------------+---------+-----------+-------+
[   45.647164] cloud-init[958]: ci-info: |   0   |  fe80::/64  |    ::   |   enp0s3  |   U   |
[   45.647282] cloud-init[958]: ci-info: |   3   |   ff00::/8  |    ::   |   enp0s3  |   U   |
[   45.647395] cloud-init[958]: ci-info: +-------+-------------+---------+-----------+-------+
[0;32m  OK  [0m] Started Initial cloud-init job (metadata service crawler).
[[0;32m  OK  [0m] Reached target Cloud-config availability.
[[0;32m  OK  [0m] Reached target Network is Online.
         Starting iSCSI initiator daemon (iscsid)...
[[0;32m  OK  [0m] Reached target System Initialization.
[[0;32m  OK  [0m] Started ACPI Events Check.
[[0;32m  OK  [0m] Reached target Paths.
[[0;32m  OK  [0m] Listening on D-Bus System Message Bus Socket.
         Starting Socket activation for snappy daemon.
[[0;32m  OK  [0m] Listening on ACPID Listen Socket.
[[0;32m  OK  [0m] Listening on UUID daemon activation socket.
[[0;32m  OK  [0m] Started Daily Cleanup of Temporary Directories.
         Starting LXD - unix socket.
[[0;32m  OK  [0m] Started Daily apt download activities.
[[0;32m  OK  [0m] Started Daily apt upgrade and clean activities.
[[0;32m  OK  [0m] Reached target Timers.
[[0;32m  OK  [0m] Listening on Socket activation for snappy daemon.
[[0;32m  OK  [0m] Listening on LXD - unix socket.
[[0;32m  OK  [0m] Started iSCSI initiator daemon (iscsid).
         Starting Login to default iSCSI targets...
[[0;32m  OK  [0m] Reached target Sockets.
[[0;32m  OK  [0m] Reached target Basic System.
         Starting LSB: Record successful boot for GRUB...
         Starting vboxadd.service...
         Starting Accounts Service...
         Starting Login Service...
[[0;32m  OK  [0m] Started D-Bus System Message Bus.
         Starting System Logging Service...
[[0;32m  OK  [0m] Started Deferred execution scheduler.
[[0;32m  OK  [0m] Started FUSE filesystem for LXC.
[[0;32m  OK  [0m] Started Unattended Upgrades Shutdown.
         Starting LXD - container startup/shutdown...
[[0;32m  OK  [0m] Started Regular background program processing daemon.
         Starting OpenBSD Secure Shell server...
[[0;32m  OK  [0m] Started ACPI event daemon.
         Starting MySQL Community Server...
         Starting /etc/rc.local Compatibility...
         Starting LSB: MD monitoring daemon...
         Starting Snappy daemon...
[[0;32m  OK  [0m] Started System Logging Service.
[[0;32m  OK  [0m] Started vboxadd.service.
[[0;32m  OK  [0m] Started /etc/rc.local Compatibility.
[[0;32m  OK  [0m] Started Login Service.
         Starting Authenticate and Authorize Users to Run Privileged Tasks...
         Starting vboxadd-service.service...
[[0;32m  OK  [0m] Started LSB: MD monitoring daemon.
[[0;32m  OK  [0m] Started Login to default iSCSI targets.
[[0;32m  OK  [0m] Reached target Remote File Systems (Pre).
[[0;32m  OK  [0m] Reached target Remote File Systems.
         Starting Permit User Sessions...
         Starting LSB: Set the CPU Frequency Scaling governor to "ondemand"...
         Starting LSB: automatic crash report generation...
         Starting LSB: daemon to balance interrupts for SMP systems...
[[0;32m  OK  [0m] Started Permit User Sessions.
[[0;32m  OK  [0m] Started LSB: Set the CPU Frequency Scaling governor to "ondemand".
[[0;1;31mFAILED[0m] Failed to start vboxadd-service.service.
See 'systemctl status vboxadd-service.service' for details.
[[0;32m  OK  [0m] Started LSB: Record successful boot for GRUB.
[[0;32m  OK  [0m] Started OpenBSD Secure Shell server.
[[0;32m  OK  [0m] Started Authenticate and Authorize Users to Run Privileged Tasks.
[[0;32m  OK  [0m] Started Accounts Service.
         Starting Terminate Plymouth Boot Screen...
         Starting Hold until boot process finishes up...
[[0;32m  OK  [0m] Started Terminate Plymouth Boot Screen.
[[0;32m  OK  [0m] Started Hold until boot process finishes up.
[[0;32m  OK  [0m] Started Getty on tty1.
[[0;32m  OK  [0m] Started Serial Getty on ttyS0.
[[0;32m  OK  [0m] Reached target Login Prompts.
         Starting Set console scheme...
[[0;32m  OK  [0m] Started LSB: automatic crash report generation.
[[0;32m  OK  [0m] Started LSB: daemon to balance interrupts for SMP systems.
[[0;32m  OK  [0m] Started Set console scheme.
[[0;32m  OK  [0m] Started LXD - container startup/shutdown.
[[0;32m  OK  [0m] Started Snappy daemon.
         Starting Wait until snapd is fully seeded...
[[0;32m  OK  [0m] Started Wait until snapd is fully seeded.
         Starting Apply the settings specified in cloud-config...
[[0;32m  OK  [0m] Created slice User Slice of vagrant.
         Starting User Manager for UID 1000...
[[0;32m  OK  [0m] Started Session 1 of user vagrant.
[[0;32m  OK  [0m] Started User Manager for UID 1000.
[   51.583205] cloud-init[1229]: Cloud-init v. 18.5-45-g3554ffe8-0ubuntu1~16.04.1 running 'modules:config' at Fri, 05 Apr 2019 15:39:02 +0000. Up 51.09 seconds.
[[0;32m  OK  [0m] Started Apply the settings specified in cloud-config.
[   55.076750] cloud-init[1413]: Cloud-init v. 18.5-45-g3554ffe8-0ubuntu1~16.04.1 running 'modules:final' at Fri, 05 Apr 2019 15:39:05 +0000. Up 54.82 seconds.
[   55.077180] cloud-init[1413]: Cloud-init v. 18.5-45-g3554ffe8-0ubuntu1~16.04.1 finished at Fri, 05 Apr 2019 15:39:05 +0000. Datasource DataSourceNoCloud [seed=/dev/sdb][dsmode=net].  Up 55.06 seconds

Ubuntu 16.04.6 LTS ubuntu-xenial ttyS0

ubuntu-xenial login: 