[    0.000000] Initializing cgroup subsys cpuset
[    0.000000] Initializing cgroup subsys cpu
[    0.000000] Initializing cgroup subsys cpuacct
[    0.000000] Linux version 4.4.0-148-generic (buildd@lcy01-amd64-025) (gcc version 5.4.0 20160609 (Ubuntu 5.4.0-6ubuntu1~16.04.10) ) #174-Ubuntu SMP Tue May 7 12:19:28 UTC 2019 (Ubuntu 4.4.0-148.174-generic 4.4.177)
[    0.000000] KERNEL supported cpus:
[    0.000000]   Intel GenuineIntel
[    0.000000]   AMD AuthenticAMD
[    0.000000]   NSC Geode by NSC
[    0.000000]   Cyrix CyrixInstead
[    0.000000]   Centaur CentaurHauls
[    0.000000]   Transmeta GenuineTMx86
[    0.000000]   Transmeta TransmetaCPU
[    0.000000]   UMC UMC UMC UMC
[    0.000000] x86/fpu: xstate_offset[2]:  576, xstate_sizes[2]:  256
[    0.000000] x86/fpu: Supporting XSAVE feature 0x01: 'x87 floating point registers'
[    0.000000] x86/fpu: Supporting XSAVE feature 0x02: 'SSE registers'
[    0.000000] x86/fpu: Supporting XSAVE feature 0x04: 'AVX registers'
[    0.000000] x86/fpu: Enabled xstate features 0x7, context size is 832 bytes, using 'standard' format.
[    0.000000] e820: BIOS-provided physical RAM map:
[    0.000000] BIOS-e820: [mem 0x0000000000000000-0x000000000009fbff] usable
[    0.000000] BIOS-e820: [mem 0x000000000009fc00-0x000000000009ffff] reserved
[    0.000000] BIOS-e820: [mem 0x00000000000f0000-0x00000000000fffff] reserved
[    0.000000] BIOS-e820: [mem 0x0000000000100000-0x000000003ffeffff] usable
[    0.000000] BIOS-e820: [mem 0x000000003fff0000-0x000000003fffffff] ACPI data
[    0.000000] BIOS-e820: [mem 0x00000000fec00000-0x00000000fec00fff] reserved
[    0.000000] BIOS-e820: [mem 0x00000000fee00000-0x00000000fee00fff] reserved
[    0.000000] BIOS-e820: [mem 0x00000000fffc0000-0x00000000ffffffff] reserved
[    0.000000] NX (Execute Disable) protection: active
[    0.000000] SMBIOS 2.5 present.
[    0.000000] Hypervisor detected: KVM
[    0.000000] e820: last_pfn = 0x3fff0 max_arch_pfn = 0x1000000
[    0.000000] MTRR: Disabled
[    0.000000] x86/PAT: MTRRs disabled, skipping PAT initialization too.
[    0.000000] CPU MTRRs all blank - virtualized system.
[    0.000000] x86/PAT: Configuration [0-7]: WB  WT  UC- UC  WB  WT  UC- UC  
[    0.000000] found SMP MP-table at [mem 0x0009fff0-0x0009ffff] mapped at [c009fff0]
[    0.000000] Scanning 1 areas for low memory corruption
[    0.000000] RAMDISK: [mem 0x36316000-0x37182fff]
[    0.000000] ACPI: Early table checksum verification disabled
[    0.000000] ACPI: RSDP 0x00000000000E0000 000024 (v02 VBOX  )
[    0.000000] ACPI: XSDT 0x000000003FFF0030 00003C (v01 VBOX   VBOXXSDT 00000001 ASL  00000061)
[    0.000000] ACPI: FACP 0x000000003FFF00F0 0000F4 (v04 VBOX   VBOXFACP 00000001 ASL  00000061)
[    0.000000] ACPI: DSDT 0x000000003FFF0470 0021FF (v02 VBOX   VBOXBIOS 00000002 INTL 20100528)
[    0.000000] ACPI: FACS 0x000000003FFF0200 000040
[    0.000000] ACPI: FACS 0x000000003FFF0200 000040
[    0.000000] ACPI: APIC 0x000000003FFF0240 00005C (v02 VBOX   VBOXAPIC 00000001 ASL  00000061)
[    0.000000] ACPI: SSDT 0x000000003FFF02A0 0001CC (v01 VBOX   VBOXCPUT 00000002 INTL 20100528)
[    0.000000] 131MB HIGHMEM available.
[    0.000000] 891MB LOWMEM available.
[    0.000000]   mapped low ram: 0 - 37bfe000
[    0.000000]   low ram: 0 - 37bfe000
[    0.000000] kvm-clock: Using msrs 4b564d01 and 4b564d00
[    0.000000] kvm-clock: cpu 0, msr 0:37bfd001, primary cpu clock
[    0.000000] kvm-clock: using sched offset of 12762159718 cycles
[    0.000000] clocksource: kvm-clock: mask: 0xffffffffffffffff max_cycles: 0x1cd42e4dffb, max_idle_ns: 881590591483 ns
[    0.000000] Zone ranges:
[    0.000000]   DMA      [mem 0x0000000000001000-0x0000000000ffffff]
[    0.000000]   Normal   [mem 0x0000000001000000-0x0000000037bfdfff]
[    0.000000]   HighMem  [mem 0x0000000037bfe000-0x000000003ffeffff]
[    0.000000] Movable zone start for each node
[    0.000000] Early memory node ranges
[    0.000000]   node   0: [mem 0x0000000000001000-0x000000000009efff]
[    0.000000]   node   0: [mem 0x0000000000100000-0x000000003ffeffff]
[    0.000000] Initmem setup node 0 [mem 0x0000000000001000-0x000000003ffeffff]
[    0.000000] Using APIC driver default
[    0.000000] ACPI: PM-Timer IO Port: 0x4008
[    0.000000] IOAPIC[0]: apic_id 2, version 32, address 0xfec00000, GSI 0-23
[    0.000000] ACPI: INT_SRC_OVR (bus 0 bus_irq 0 global_irq 2 dfl dfl)
[    0.000000] ACPI: INT_SRC_OVR (bus 0 bus_irq 9 global_irq 9 low level)
[    0.000000] Using ACPI (MADT) for SMP configuration information
[    0.000000] smpboot: Allowing 2 CPUs, 0 hotplug CPUs
[    0.000000] PM: Registered nosave memory: [mem 0x00000000-0x00000fff]
[    0.000000] PM: Registered nosave memory: [mem 0x0009f000-0x0009ffff]
[    0.000000] PM: Registered nosave memory: [mem 0x000a0000-0x000effff]
[    0.000000] PM: Registered nosave memory: [mem 0x000f0000-0x000fffff]
[    0.000000] e820: [mem 0x40000000-0xfebfffff] available for PCI devices
[    0.000000] Booting paravirtualized kernel on KVM
[    0.000000] clocksource: refined-jiffies: mask: 0xffffffff max_cycles: 0xffffffff, max_idle_ns: 7645519600211568 ns
[    0.000000] setup_percpu: NR_CPUS:8 nr_cpumask_bits:8 nr_cpu_ids:2 nr_node_ids:1
[    0.000000] PERCPU: Embedded 19 pages/cpu @f71b0000 s47308 r0 d30516 u77824
[    0.000000] Built 1 zonelists in Zone order, mobility grouping on.  Total pages: 259800
[    0.000000] Kernel command line: BOOT_IMAGE=/boot/vmlinuz-4.4.0-148-generic root=UUID=605eeaef-31fd-41ed-8504-34f290756b9e ro console=tty1 console=ttyS0
[    0.000000] PID hash table entries: 4096 (order: 2, 16384 bytes)
[    0.000000] Dentry cache hash table entries: 131072 (order: 7, 524288 bytes)
[    0.000000] Inode-cache hash table entries: 65536 (order: 6, 262144 bytes)
[    0.000000] Initializing CPU#0
[    0.000000] Initializing HighMem for node 0 (00037bfe:0003fff0)
[    0.000000] Initializing Movable for node 0 (00000000:00000000)
[    0.000000] Memory: 1007980K/1048120K available (8100K kernel code, 789K rwdata, 3204K rodata, 936K init, 784K bss, 40140K reserved, 0K cma-reserved, 135112K highmem)
[    0.000000] virtual kernel memory layout:
[    0.000000]     fixmap  : 0xfff15000 - 0xfffff000   ( 936 kB)
[    0.000000]     pkmap   : 0xffc00000 - 0xffe00000   (2048 kB)
[    0.000000]     vmalloc : 0xf83fe000 - 0xffbfe000   ( 120 MB)
[    0.000000]     lowmem  : 0xc0000000 - 0xf7bfe000   ( 891 MB)
[    0.000000]       .init : 0xc1bd3000 - 0xc1cbd000   ( 936 kB)
[    0.000000]       .data : 0xc17e9608 - 0xc1bd1400   (3999 kB)
[    0.000000]       .text : 0xc1000000 - 0xc17e9608   (8101 kB)
[    0.000000] Checking if this processor honours the WP bit even in supervisor mode...Ok.
[    0.000000] SLUB: HWalign=64, Order=0-3, MinObjects=0, CPUs=2, Nodes=1
[    0.000000] Hierarchical RCU implementation.
[    0.000000] 	Build-time adjustment of leaf fanout to 32.
[    0.000000] 	RCU restricting CPUs from NR_CPUS=8 to nr_cpu_ids=2.
[    0.000000] RCU: Adjusting geometry for rcu_fanout_leaf=32, nr_cpu_ids=2
[    0.000000] NR_IRQS:2304 nr_irqs:440 16
[    0.000000] Console: colour VGA+ 80x25
[    0.000000] console [tty1] enabled
[    0.000000] console [ttyS0] enabled
[    0.000000] allocated 1048576 bytes of page_ext
[    0.000000] tsc: Detected 2904.002 MHz processor
[    3.271632] Calibrating delay loop (skipped) preset value.. 5808.00 BogoMIPS (lpj=11616008)
[    3.313100] pid_max: default: 32768 minimum: 301
[    3.337250] ACPI: Core revision 20150930
[    3.359077] ACPI: 2 ACPI AML tables successfully acquired and loaded
[    3.391143] Security Framework initialized
[    3.410570] Yama: becoming mindful.
[    3.428465] AppArmor: AppArmor initialized
[    3.448473] Mount-cache hash table entries: 2048 (order: 1, 8192 bytes)
[    3.481187] Mountpoint-cache hash table entries: 2048 (order: 1, 8192 bytes)
[    3.513448] Initializing cgroup subsys io
[    3.542704] Initializing cgroup subsys memory
[    3.570374] Initializing cgroup subsys devices
[    3.597611] Initializing cgroup subsys freezer
[    3.618573] Initializing cgroup subsys net_cls
[    3.639142] Initializing cgroup subsys perf_event
[    3.660737] Initializing cgroup subsys net_prio
[    3.681956] Initializing cgroup subsys hugetlb
[    3.702008] Initializing cgroup subsys pids
[    3.725253] mce: CPU supports 0 MCE banks
[    3.744276] Last level iTLB entries: 4KB 64, 2MB 8, 4MB 8
[    3.768291] Last level dTLB entries: 4KB 64, 2MB 0, 4MB 0, 1GB 4
[    3.793780] Spectre V2 : Mitigation: Full generic retpoline
[    3.817679] Spectre V2 : Spectre v2 / SpectreRSB mitigation: Filling RSB on context switch
[    3.855479] Speculative Store Bypass: Vulnerable
[    3.877871] MDS: Vulnerable: Clear CPU buffers attempted, no microcode
[    3.948134] Freeing SMP alternatives memory: 36K
[    4.032084] ftrace: allocating 31566 entries in 62 pages
[    4.535652] smpboot: APIC(0) Converting physical 0 to logical package 0
[    4.563107] smpboot: Max logical packages: 1
[    4.583372] Enabling APIC mode:  Flat.  Using 1 I/O APICs
[    4.641173] ..TIMER: vector=0x30 apic1=0 pin1=2 apic2=-1 pin2=-1
[    4.776241] smpboot: CPU0: Intel(R) Core(TM) i7-7500U CPU @ 2.70GHz (family: 0x6, model: 0x8e, stepping: 0x9)
[    4.827200] Performance Events: unsupported p6 CPU model 142 no PMU driver, software events only.
[    4.944290] KVM setup paravirtual spinlock
[    4.975995] x86: Booting SMP configuration:
[    5.005048] .... node  #0, CPUs:      #1
[1266874876.947391] Initializing CPU#1
[    5.053694] kvm-clock: cpu 1, msr 0:37bfd041, secondary cpu clock
[    5.095576] mce: CPU supports 0 MCE banks
[    5.111100] x86: Booted up 1 node, 2 CPUs
[    5.136754] smpboot: Total of 2 processors activated (11616.00 BogoMIPS)
[    5.172474] devtmpfs: initialized
[    5.193432] evm: security.selinux
[    5.213230] evm: security.SMACK64
[    5.232816] evm: security.SMACK64EXEC
[    5.257192] evm: security.SMACK64TRANSMUTE
[    5.282231] evm: security.SMACK64MMAP
[    5.305178] evm: security.ima
[    5.323964] evm: security.capability
[    5.347422] clocksource: jiffies: mask: 0xffffffff max_cycles: 0xffffffff, max_idle_ns: 7645041785100000 ns
[    5.393995] futex hash table entries: 512 (order: 3, 32768 bytes)
[    5.425145] pinctrl core: initialized pinctrl subsystem
[    5.451759] RTC time: 15:22:49, date: 05/22/19
[    5.473037] NET: Registered protocol family 16
[    5.494909] EISA bus registered
[    5.522196] cpuidle: using governor ladder
[    5.549532] cpuidle: using governor menu
[    5.569250] PCCT header not found.
[    5.587216] ACPI: bus type PCI registered
[    5.606485] acpiphp: ACPI Hot Plug PCI Controller Driver version: 0.5
[    5.639873] PCI : PCI BIOS area is rw and x. Use pci=nobios if you want it NX.
[    5.681735] PCI: PCI BIOS revision 2.10 entry at 0xfda26, last bus=0
[    5.715754] PCI: Using configuration type 1 for base access
[    5.767765] ACPI: Added _OSI(Module Device)
[    5.791168] ACPI: Added _OSI(Processor Device)
[    5.816989] ACPI: Added _OSI(3.0 _SCP Extensions)
[    5.845198] ACPI: Added _OSI(Processor Aggregator Device)
[    5.880112] ACPI: Executed 1 blocks of module-level executable AML code
[    5.924003] ACPI: Interpreter enabled
[    5.944005] ACPI: (supports S0 S5)
[    5.964482] ACPI: Using IOAPIC for interrupt routing
[    5.988129] PCI: Using host bridge windows from ACPI; if necessary, use "pci=nocrs" and report a bug
[    6.055855] ACPI: PCI Root Bridge [PCI0] (domain 0000 [bus 00-ff])
[    6.290293] acpi PNP0A03:00: _OSC: OS supports [ASPM ClockPM Segments MSI]
[    6.321752] acpi PNP0A03:00: _OSC: not requesting OS control; OS requires [ExtendedConfig ASPM ClockPM MSI]
[    6.368595] acpi PNP0A03:00: fail to add MMCONFIG information, can't access extended PCI configuration space under this bridge.
[    6.432456] PCI host bridge to bus 0000:00
[    6.459617] pci_bus 0000:00: root bus resource [io  0x0000-0x0cf7 window]
[    6.492752] pci_bus 0000:00: root bus resource [io  0x0d00-0xffff window]
[    6.522775] pci_bus 0000:00: root bus resource [mem 0x000a0000-0x000bffff window]
[    6.566999] pci_bus 0000:00: root bus resource [mem 0x40000000-0xfdffffff window]
[    6.615491] pci_bus 0000:00: root bus resource [bus 00-ff]
[    6.695369] pci 0000:00:01.1: legacy IDE quirk: reg 0x10: [io  0x01f0-0x01f7]
[    6.726357] pci 0000:00:01.1: legacy IDE quirk: reg 0x14: [io  0x03f6]
[    6.761551] pci 0000:00:01.1: legacy IDE quirk: reg 0x18: [io  0x0170-0x0177]
[    6.802854] pci 0000:00:01.1: legacy IDE quirk: reg 0x1c: [io  0x0376]
[    6.987671] pci 0000:00:07.0: quirk: [io  0x4000-0x403f] claimed by PIIX4 ACPI
[    7.021657] pci 0000:00:07.0: quirk: [io  0x4100-0x410f] claimed by PIIX4 SMB
[    7.102846] ACPI: PCI Interrupt Link [LNKA] (IRQs 5 9 10 *11)
[    7.144703] ACPI: PCI Interrupt Link [LNKB] (IRQs 5 9 *10 11)
[    7.184501] ACPI: PCI Interrupt Link [LNKC] (IRQs 5 *9 10 11)
[    7.224073] ACPI: PCI Interrupt Link [LNKD] (IRQs 5 9 10 *11)
[    7.265232] ACPI: Enabled 2 GPEs in block 00 to 07
[    7.295648] vgaarb: setting as boot device: PCI:0000:00:02.0
[    7.319838] vgaarb: device added: PCI:0000:00:02.0,decodes=io+mem,owns=io+mem,locks=none
[    7.358427] vgaarb: loaded
[    7.374161] vgaarb: bridge control possible 0000:00:02.0
[    7.400299] SCSI subsystem initialized
[    7.420312] ACPI: bus type USB registered
[    7.440360] usbcore: registered new interface driver usbfs
[    7.464665] usbcore: registered new interface driver hub
[    7.490635] usbcore: registered new device driver usb
[    7.518258] PCI: Using ACPI for IRQ routing
[    7.543639] NetLabel: Initializing
[    7.560830] NetLabel:  domain hash size = 128
[    7.581483] NetLabel:  protocols = UNLABELED CIPSOv4
[    7.604215] NetLabel:  unlabeled traffic allowed by default
[    7.629144] amd_nb: Cannot enumerate AMD northbridges
[    7.653865] clocksource: Switched to clocksource kvm-clock
[    7.690909] AppArmor: AppArmor Filesystem Enabled
[    7.712395] pnp: PnP ACPI init
[    7.735719] pnp: PnP ACPI: found 3 devices
[    7.754894] PnPBIOS: Disabled by ACPI PNP
[    7.884374] clocksource: acpi_pm: mask: 0xffffff max_cycles: 0xffffff, max_idle_ns: 2085701024 ns
[    7.927673] NET: Registered protocol family 2
[    7.949522] TCP established hash table entries: 8192 (order: 3, 32768 bytes)
[    7.978622] TCP bind hash table entries: 8192 (order: 4, 65536 bytes)
[    8.011764] TCP: Hash tables configured (established 8192 bind 8192)
[    8.042745] UDP hash table entries: 512 (order: 2, 16384 bytes)
[    8.072218] UDP-Lite hash table entries: 512 (order: 2, 16384 bytes)
[    8.102660] NET: Registered protocol family 1
[    8.124373] pci 0000:00:00.0: Limiting direct PCI/PCI transfers
[    8.154910] pci 0000:00:01.0: Activating ISA DMA hang workarounds
[    8.184394] Unpacking initramfs...
[    8.556110] Freeing initrd memory: 14772K
[    8.580175] clocksource: tsc: mask: 0xffffffffffffffff max_cycles: 0x29dc079b5d9, max_idle_ns: 440795223751 ns
[    8.628161] platform rtc_cmos: registered platform RTC device (no PNP device found)
[    8.670252] Scanning for low memory corruption every 60 seconds
[    8.699268] audit: initializing netlink subsys (disabled)
[    8.723229] audit: type=2000 audit(1558538580.083:1): initialized
[    8.749749] Initialise system trusted keyring
[    8.772534] HugeTLB registered 2 MB page size, pre-allocated 0 pages
[    8.800601] zbud: loaded
[    8.816385] VFS: Disk quotas dquot_6.6.0
[    8.835939] VFS: Dquot-cache hash table entries: 1024 (order 0, 4096 bytes)
[    8.864337] squashfs: version 4.0 (2009/01/31) Phillip Lougher
[    8.892267] fuse init (API version 7.23)
[    8.917113] Key type big_key registered
[    8.940234] Allocating IMA MOK and blacklist keyrings.
[    8.979633] Key type asymmetric registered
[    8.999210] Asymmetric key parser 'x509' registered
[    9.020694] bounce: pool size: 64 pages
[    9.040038] Block layer SCSI generic (bsg) driver version 0.4 loaded (major 249)
[    9.075726] io scheduler noop registered
[    9.095140] io scheduler deadline registered (default)
[    9.118113] io scheduler cfq registered
[    9.136927] pci_hotplug: PCI Hot Plug PCI Core version: 0.5
[    9.163173] pciehp: PCI Express Hot Plug Controller Driver version: 0.4
[    9.191563] ACPI: AC Adapter [AC] (on-line)
[    9.213119] input: Power Button as /devices/LNXSYSTM:00/LNXPWRBN:00/input/input0
[    9.248706] ACPI: Power Button [PWRF]
[    9.269009] input: Sleep Button as /devices/LNXSYSTM:00/LNXSLPBN:00/input/input1
[    9.303244] ACPI: Sleep Button [SLPF]
[    9.324348] GHES: HEST is not enabled!
[    9.332790] ACPI: Battery Slot [BAT0] (battery present)
[    9.367730] Serial: 8250/16550 driver, 32 ports, IRQ sharing enabled
[    9.367992] isapnp: Scanning for PnP cards...
[    9.500502] 00:02: ttyS0 at I/O 0x3f8 (irq = 4, base_baud = 115200) is a 16550A
[    9.539921] Linux agpgart interface v0.103
[    9.567112] loop: module loaded
[    9.596816] scsi host0: ata_piix
[    9.614710] scsi host1: ata_piix
[    9.633389] ata1: PATA max UDMA/33 cmd 0x1f0 ctl 0x3f6 bmdma 0xd000 irq 14
[    9.666342] ata2: PATA max UDMA/33 cmd 0x170 ctl 0x376 bmdma 0xd008 irq 15
[    9.697415] libphy: Fixed MDIO Bus: probed
[    9.718569] tun: Universal TUN/TAP device driver, 1.6
[    9.742852] tun: (C) 1999-2004 Max Krasnyansky <maxk@qualcomm.com>
[    9.775677] PPP generic driver version 2.4.2
[    9.796772] ehci_hcd: USB 2.0 'Enhanced' Host Controller (EHCI) Driver
[    9.831574] ehci-pci: EHCI PCI platform driver
[    9.853600] ehci-platform: EHCI generic platform driver
[    9.878247] ohci_hcd: USB 1.1 'Open' Host Controller (OHCI) Driver
[    9.906887] isapnp: No Plug & Play device found
[    9.931851] ohci-pci: OHCI PCI platform driver
[    9.952550] ohci-platform: OHCI generic platform driver
[    9.975212] uhci_hcd: USB Universal Host Controller Interface driver
[   10.008478] i8042: PNP: PS/2 Controller [PNP0303:PS2K,PNP0f03:PS2M] at 0x60,0x64 irq 1,12
[   10.055060] serio: i8042 KBD port at 0x60,0x64 irq 1
[   10.077818] serio: i8042 AUX port at 0x60,0x64 irq 12
[   10.100285] mousedev: PS/2 mouse device common for all mice
[   10.127736] input: AT Translated Set 2 keyboard as /devices/platform/i8042/serio0/input/input2
[   10.166950] rtc_cmos rtc_cmos: rtc core: registered rtc_cmos as rtc0
[   10.196832] rtc_cmos rtc_cmos: alarms up to one day, 114 bytes nvram
[   10.223299] i2c /dev entries driver
[   10.240763] device-mapper: uevent: version 1.0.3
[   10.262736] device-mapper: ioctl: 4.34.0-ioctl (2015-10-28) initialised: dm-devel@redhat.com
[   10.299868] platform eisa.0: Probing EISA bus 0
[   10.320679] platform eisa.0: EISA: Cannot allocate resource for mainboard
[   10.350994] platform eisa.0: Cannot allocate resource for EISA slot 1
[   10.383555] platform eisa.0: Cannot allocate resource for EISA slot 2
[   10.414850] platform eisa.0: Cannot allocate resource for EISA slot 3
[   10.444243] platform eisa.0: Cannot allocate resource for EISA slot 4
[   10.475612] platform eisa.0: Cannot allocate resource for EISA slot 5
[   10.504532] platform eisa.0: Cannot allocate resource for EISA slot 6
[   10.536958] platform eisa.0: Cannot allocate resource for EISA slot 7
[   10.568186] platform eisa.0: Cannot allocate resource for EISA slot 8
[   10.596538] platform eisa.0: EISA: Detected 0 cards
[   10.620707] cpufreq-nforce2: No nForce2 chipset.
[   10.642517] ledtrig-cpu: registered to indicate activity on CPUs
[   10.668295] NET: Registered protocol family 10
[   10.690698] NET: Registered protocol family 17
[   10.710977] Key type dns_resolver registered
[   10.732199] Using IPI No-Shortcut mode
[   10.753963] registered taskstats version 1
[   10.772804] Loading compiled-in X.509 certificates
[   10.795874] Loaded X.509 cert 'Build time autogenerated kernel key: 902eb1617d130f00fdb563a6a7bc897aeb2f16f0'
[   10.837495] zswap: loaded using pool lzo/zbud
[   10.866241] Key type trusted registered
[   10.900647] Key type encrypted registered
[   10.919001] AppArmor: AppArmor sha1 policy hashing enabled
[   10.943096] ima: No TPM chip found, activating TPM-bypass!
[   10.966926] ima: Allocated hash algorithm: sha1
[   10.987194] evm: HMAC attrs: 0x1
[   11.008897]   Magic number: 3:62:387
[   11.028024] rtc_cmos rtc_cmos: setting system clock to 2019-05-22 15:22:54 UTC (1558538574)
[   11.073447] BIOS EDD facility v0.16 2004-Jun-25, 0 devices found
[   11.101505] EDD information not available.
[   11.130215] Freeing unused kernel memory: 936K
[   11.163903] Write protecting the kernel text: 8104k
[   11.186795] Write protecting the kernel read-only data: 3208k
[   11.212153] NX-protecting the kernel data: 6232k
Loading, please wait...
starting version 229
[   11.288317] random: systemd-udevd: uninitialized urandom read (16 bytes read, 6 bits of entropy available)
[   11.288963] random: udevadm: uninitialized urandom read (16 bytes read, 6 bits of entropy available)
[   11.301400] random: udevadm: uninitialized urandom read (16 bytes read, 6 bits of entropy available)
[   11.301450] random: udevadm: uninitialized urandom read (16 bytes read, 6 bits of entropy available)
[   11.301602] random: udevadm: uninitialized urandom read (16 bytes read, 6 bits of entropy available)
[   11.301654] random: udevadm: uninitialized urandom read (16 bytes read, 6 bits of entropy available)
[   11.301694] random: udevadm: uninitialized urandom read (16 bytes read, 6 bits of entropy available)
[   11.301741] random: udevadm: uninitialized urandom read (16 bytes read, 6 bits of entropy available)
[   11.301784] random: udevadm: uninitialized urandom read (16 bytes read, 6 bits of entropy available)
[   11.301822] random: udevadm: uninitialized urandom read (16 bytes read, 6 bits of entropy available)
[   11.955638] e1000: Intel(R) PRO/1000 Network Driver - version 7.3.21-k8-NAPI
[   11.988366] e1000: Copyright (c) 1999-2006 Intel Corporation.
[   12.073983] Fusion MPT base driver 3.04.20
[   12.095137] Copyright (c) 1999-2008 LSI Corporation
[   12.190737] Fusion MPT SPI Host driver 3.04.20
[   12.513140] input: ImExPS/2 Generic Explorer Mouse as /devices/platform/i8042/serio1/input/input4
[   14.342535] e1000 0000:00:03.0 eth0: (PCI:33MHz:32-bit) 02:29:df:e4:9c:08
[   14.370129] e1000 0000:00:03.0 eth0: Intel(R) PRO/1000 Network Connection
[   14.403703] mptbase: ioc0: Initiating bringup
[   14.406948] e1000 0000:00:03.0 enp0s3: renamed from eth0
[   14.517298] ioc0: LSI53C1030 A0: Capabilities={Initiator}
[   14.742011] scsi host2: ioc0: LSI53C1030 A0, FwRev=00000000h, Ports=1, MaxQ=256, IRQ=20
[   14.899884] scsi 2:0:0:0: Direct-Access     VBOX     HARDDISK         1.0  PQ: 0 ANSI: 5
[   14.944675] scsi target2:0:0: Beginning Domain Validation
[   14.984962] scsi target2:0:0: Domain Validation skipping write tests
[   15.011407] scsi target2:0:0: Ending Domain Validation
[   15.034864] scsi target2:0:0: asynchronous
[   15.059941] scsi 2:0:1:0: Direct-Access     VBOX     HARDDISK         1.0  PQ: 0 ANSI: 5
[   15.096024] scsi target2:0:1: Beginning Domain Validation
[   15.135476] scsi target2:0:1: Domain Validation skipping write tests
[   15.173368] scsi target2:0:1: Ending Domain Validation
[   15.200143] scsi target2:0:1: asynchronous
[   15.280372] sd 2:0:0:0: Attached scsi generic sg0 type 0
[   15.281137] sd 2:0:0:0: [sda] 20971520 512-byte logical blocks: (10.7 GB/10.0 GiB)
[   15.282725] sd 2:0:0:0: [sda] Write Protect is off
[   15.283578] sd 2:0:0:0: [sda] Incomplete mode parameter data
[   15.283580] sd 2:0:0:0: [sda] Assuming drive cache: write through
[   15.314844]  sda: sda1
[   15.319188] sd 2:0:0:0: [sda] Attached SCSI disk
[   15.527411] sd 2:0:1:0: [sdb] 20480 512-byte logical blocks: (10.5 MB/10.0 MiB)
[   15.567197] sd 2:0:1:0: Attached scsi generic sg1 type 0
[   15.568779] sd 2:0:1:0: [sdb] Write Protect is off
[   15.570375] sd 2:0:1:0: [sdb] Incomplete mode parameter data
[   15.570377] sd 2:0:1:0: [sdb] Assuming drive cache: write through
[   15.693479] sd 2:0:1:0: [sdb] Attached SCSI disk
Begin: Loading essential drivers ... [   23.322578] md: linear personality registered for level -1
[   23.358993] md: multipath personality registered for level -4
[   23.397022] md: raid0 personality registered for level 0
[   23.452507] md: raid1 personality registered for level 1
[   23.562383] raid6: mmxx1    gen()  5471 MB/s
[   23.650512] raid6: mmxx2    gen()  5375 MB/s
[   23.742268] raid6: sse1x1   gen()  4843 MB/s
[   23.830178] raid6: sse1x2   gen()  4983 MB/s
[   23.918849] raid6: sse2x1   gen()  9561 MB/s
[   24.006508] raid6: sse2x1   xor()  7043 MB/s
[   24.094704] raid6: sse2x2   gen()  9520 MB/s
[   24.186554] raid6: sse2x2   xor()  6916 MB/s
[   24.273948] raid6: avx2x1   gen() 17409 MB/s
[   24.362107] raid6: avx2x2   gen() 20943 MB/s
[   24.383002] raid6: using algorithm avx2x2 gen() 20943 MB/s
[   24.407879] raid6: using avx2x1 recovery algorithm
[   24.438949] xor: automatically using best checksumming function:
[   24.502178]    avx       : 22375.000 MB/sec
[   24.530174] async_tx: api initialized (async)
[   24.651323] md: raid6 personality registered for level 6
[   24.676635] md: raid5 personality registered for level 5
[   24.700307] md: raid4 personality registered for level 4
[   24.762649] md: raid10 personality registered for level 10
done.
Begin: Running /scripts/init-premount ... done.
Begin: Mounting root file system ... Begin: Running /scripts/local-top ... done.
Begin: Running /scripts/local-premount ... [   24.974681] Btrfs loaded
Scanning for Btrfs filesystems
done.
Warning: fsck not present, so skipping root file system
[   25.164432] random: nonblocking pool is initialized
[   25.231367] EXT4-fs (sda1): mounted filesystem with ordered data mode. Opts: (null)
done.
Begin: Running /scripts/local-bottom ... done.
Begin: Running /scripts/init-bottom ... done.
[   26.428717] systemd[1]: systemd 229 running in system mode. (+PAM +AUDIT +SELINUX +IMA +APPARMOR +SMACK +SYSVINIT +UTMP +LIBCRYPTSETUP +GCRYPT +GNUTLS +ACL +XZ -LZ4 +SECCOMP +BLKID +ELFUTILS +KMOD -IDN)
[   26.501019] systemd[1]: Detected virtualization oracle.
[   26.525712] systemd[1]: Detected architecture x86.

Welcome to [1mUbuntu 16.04.6 LTS[0m!

[   26.668264] systemd[1]: Set hostname to <ubuntu-xenial>.
[   27.887972] systemd[1]: Set up automount Arbitrary Executable File Formats File System Automount Point.
[[0;32m  OK  [0m] Set up automount Arbitrary Executab...ats File System Automount Point.
[   27.962229] systemd[1]: Reached target Swap.
[[0;32m  OK  [0m] Reached target Swap.
[   28.000053] systemd[1]: Listening on Journal Socket (/dev/log).
[[0;32m  OK  [0m] Listening on Journal Socket (/dev/log).
[   28.045532] systemd[1]: Reached target Encrypted Volumes.
[[0;32m  OK  [0m] Reached target Encrypted Volumes.
[   28.088633] systemd[1]: Listening on Device-mapper event daemon FIFOs.
[[0;32m  OK  [0m] Listening on Device-mapper event daemon FIFOs.
[   28.143346] systemd[1]: Listening on LVM2 poll daemon socket.
[[0;32m  OK  [0m] Listening on LVM2 poll daemon socket.
[   28.189395] systemd[1]: Listening on Journal Socket.
[[0;32m  OK  [0m] Listening on Journal Socket.
[   28.228892] systemd[1]: Reached target User and Group Name Lookups.
[[0;32m  OK  [0m] Reached target User and Group Name Lookups.
[   28.277141] systemd[1]: Listening on udev Kernel Socket.
[[0;32m  OK  [0m] Listening on udev Kernel Socket.
[   28.328560] systemd[1]: Listening on Journal Audit Socket.
[[0;32m  OK  [0m] Listening on Journal Audit Socket.
[   28.373297] systemd[1]: Started Forward Password Requests to Wall Directory Watch.
[[0;32m  OK  [0m] Started Forward Password Requests to Wall Directory Watch.
[   28.441244] systemd[1]: Created slice User and Session Slice.
[[0;32m  OK  [0m] Created slice User and Session Slice.
[   28.486168] systemd[1]: Created slice System Slice.
[[0;32m  OK  [0m] Created slice System Slice.
[   28.542576] systemd[1]: Mounting POSIX Message Queue File System...
         Mounting POSIX Message Queue File System...
[   28.606716] systemd[1]: Starting Remount Root and Kernel File Systems...
         Starting Remount Root and Kernel File Systems...
[   28.666306] EXT4-fs (sda1): re-mounted. Opts: (null)
[   28.667402] systemd[1]: Created slice system-serial\x2dgetty.slice.
[[0;32m  OK  [0m] Created slice system-serial\x2dgetty.slice.
[   28.758532] systemd[1]: Starting Nameserver information manager...
         Starting Nameserver information manager...
[   28.811777] systemd[1]: Listening on udev Control Socket.
[[0;32m  OK  [0m] Listening on udev Control Socket.
[   28.865887] systemd[1]: Mounting Huge Pages File System...
         Mounting Huge Pages File System...
[   28.914604] systemd[1]: Reached target System Time Synchronized.
[[0;32m  OK  [0m] Reached target System Time Synchronized.
[   28.971568] systemd[1]: Listening on Syslog Socket.
[[0;32m  OK  [0m] Listening on Syslog Socket.
[   29.035544] systemd[1]: Starting Journal Service...
         Starting Journal Service...
[   29.081853] systemd[1]: Listening on /dev/initctl Compatibility Named Pipe.
[[0;32m  OK  [0m] Listening on /dev/initctl Compatibility Named Pipe.
[   29.147500] systemd[1]: Listening on LVM2 metadata daemon socket.
[[0;32m  OK  [0m] Listening on LVM2 metadata daemon socket.
[   29.210085] systemd[1]: Starting Monitoring of LVM2 mirrors, snapshots etc. using dmeventd or progress polling...
         Starting Monitoring of LVM2 mirrors... dmeventd or progress polling...
[   29.294558] systemd[1]: Starting Create list of required static device nodes for the current kernel...
         Starting Create list of required st... nodes for the current kernel...
[   29.380879] systemd[1]: Reached target Slices.
[[0;32m  OK  [0m] Reached target Slices.
[   29.439446] systemd[1]: Starting Uncomplicated firewall...
         Starting Uncomplicated firewall...
[   29.496742] systemd[1]: Starting Set console keymap...
         Starting Set console keymap...
[   29.548805] systemd[1]: Started Trigger resolvconf update for networkd DNS.
[[0;32m  OK  [0m] Started Trigger resolvconf update for networkd DNS.
[   29.626381] systemd[1]: Mounting Debug File System...
         Mounting Debug File System...
[   29.683875] systemd[1]: Starting Load Kernel Modules...
         Starting Load Kernel Modules...
[   29.780378] systemd[1]: Mounted Debug File System.
[   29.813870] Loading iSCSI transport class v2.0-870.
[[0;32m  OK  [0m] Mounted Debug File System.
[   29.854827] systemd[1]: Mounted Huge Pages File System.
[[0;32m  OK  [0m] Mounted Huge Pages File System.
[   29.911274] systemd[1]: Mounted POSIX Message Queue File System.
[   29.944822] iscsi: registered transport (tcp)
[[0;32m  OK  [0m] Mounted POSIX Message Queue File System.
[   30.011977] systemd[1]: Started Journal Service.
[[0;32m  OK  [0m] Started Journal Service.
[[0;32m  OK  [0m] Started Remount Root and Kernel File Systems.
[[0;32m  OK  [0m] Started Create list of required sta...ce nodes for the current kernel.
[[0;32m  OK  [0m] Started Uncomplicated firewall.
[[   30.263167] iscsi: registered transport (iser)
[0;32m  OK  [0m] Started Set console keymap.
[[0;32m  OK  [0m] Started Load Kernel Modules.
[[0;32m  OK  [0m] Started Nameserver information manager.
[[0;32m  OK  [0m] Started LVM2 metadata daemon.
         Starting Apply Kernel Variables...
         Mounting FUSE Control File System...
         Starting Create Static Device Nodes in /dev...
         Starting udev Coldplug all Devices...
         Starting Load/Save Random Seed...
         Starting Flush Journal to Persistent Storage...
[[0;32m  OK  [0m] Mounted FUSE Control File System.
[[0;32m  OK  [0m] Started Apply Kernel Variables.
[[0;32m  OK  [0m] Started Create Static Device Nodes in /dev.
[[0;32m  OK  [0m] Started Monitoring of LVM2 mirrors,...ng dmeventd or progress polling.
[[0;32m  OK  [0m] Started Load/Save Random Seed.
[[0;32m  OK  [0m] Started udev Coldplug all Devices.
[[0;32m  OK  [0m] Started Flush Journal to Persistent Storage.
[[0;32m  OK  [0m] Reached target Local File Systems (Pre).
[[0;32m  OK  [0m] Reached target Local File Systems.
         Starting Tell Plymouth To Write Out Runtime Data...
         Starting Create Volatile Files and Directories...
         Starting Initial cloud-init job (pre-networking)...
         Starting Set console font and keymap...
         Starting LSB: AppArmor initialization...
         Starting udev Kernel Device Manager...
[[0;32m  OK  [0m] Started Tell Plymouth To Write Out Runtime Data.
[[0;32m  OK  [0m] Started Create Volatile Files and Directories.
         Starting Update UTMP about System Boot/Shutdown...
[[0;32m  OK  [0m] Started Update UTMP about System Boot/Shutdown.
[[0;32m  OK  [0m] Started udev Kernel Device Manager.
[[0;32m  OK  [0m] Started LSB: AppArmor initialization.
[   29.835666] cloud-init[461]: Cloud-init v. 18.5-45-g3554ffe8-0ubuntu1~16.04.1 running 'init-local' at Wed, 22 May 2019 15:23:18 +0000. Up 29.02 seconds.
[[0;32m  OK  [0m] Started Initial cloud-init job (pre-networking).
[[0;32m  OK  [0m] Found device /dev/ttyS0.
[[0;32m  OK  [0m] Listening on Load/Save RF Kill Switch Status /dev/rfkill Watch.
[[0;32m  OK  [0m] Reached target Network (Pre).
[[0;32m  OK  [0m] Started ifup for enp0s3.
         Starting Raise network interfaces...
[[0;32m  OK  [0m] Started Dispatch Password Requests to Console Directory Watch.
[[0;32m  OK  [0m] Started Set console font and keymap.
[[0;32m  OK  [0m] Created slice system-getty.slice.
[[0;32m  OK  [0m] Started Raise network interfaces.
         Starting Initial cloud-init job (metadata service crawler)...
[[0;32m  OK  [0m] Reached target Network.
[   46.592890] cloud-init[955]: Cloud-init v. 18.5-45-g3554ffe8-0ubuntu1~16.04.1 running 'init' at Wed, 22 May 2019 15:23:34 +0000. Up 44.93 seconds.
[[0;32m  OK  [0m] Started Initial cloud-init job (metadata service crawler).
[   46.665532] cloud-init[955]: ci-info: ++++++++++++++++++++++++++++++++++++++Net device info++++++++++++++++++++++++++++++++++++++
[   46.740209] cloud-init[955]: ci-info: +--------+------+----------------------------+---------------+--------+-------------------+
[   46.779934] cloud-init[955]: ci-info: | Device |  Up  |          Address           |      Mask     | Scope  |     Hw-Address    |
[   46.818780] cloud-init[955]: ci-info: +--------+------+----------------------------+---------------+--------+-------------------+
[   46.865342] cloud-init[955]: ci-info: | enp0s3 | True |         10.0.2.15          | 255.255.255.0 | global | 02:29:df:e4:9c:08 |
[   46.910027] cloud-init[955]: ci-info: | enp0s3 | True | fe80::29:dfff:fee4:9c08/64 |       .       |  link  | 02:29:df:e4:9c:08 |
[[   46.953881] cloud-init[955]: ci-info: |   lo   | True |         127.0.0.1          |   255.0.0.0   |  host  |         .         |
[   46.982630] cloud-init[955]: ci-info: |   lo   | True |          ::1/128           |       .       |  host  |         .         |
[   46.982945] cloud-init[955]: ci-info: +--------+------+----------------------------+---------------+--------+-------------------+
[   46.983000] cloud-init[955]: ci-info: +++++++++++++++++++++++++++Route IPv4 info++++++++++++++++++++++++++++
[   46.983051] cloud-init[955]: ci-info: +-------+-------------+----------+---------------+-----------+-------+
[   46.983098] cloud-init[955]: ci-info: | Route | Destination | Gateway  |    Genmask    | Interface | Flags |
[   46.983148] cloud-init[955]: ci-info: +-------+-------------+----------+---------------+-----------+-------+
[   46.983195] cloud-init[955]: ci-info: |   0   |   0.0.0.0   | 10.0.2.2 |    0.0.0.0    |   enp0s3  |   UG  |
[   46.983241] cloud-init[955]: ci-info: |   1   |   10.0.2.0  | 0.0.0.0  | 255.255.255.0 |   enp0s3  |   U   |
[   46.983301] cloud-init[955]: ci-info: +-------+-------------+----------+---------------+-----------+-------+
[   46.983349] cloud-init[955]: ci-info: +++++++++++++++++++Route IPv6 info+++++++++++++++++++
[   46.983399] cloud-init[955]: ci-info: +-------+-------------+---------+-----------+-------+
[   46.983448] cloud-init[955]: ci-info: | Route | Destination | Gateway | Interface | Flags |
[   46.983500] cloud-init[955]: ci-info: +-------+-------------+---------+-----------+-------+
[   46.983545] cloud-init[955]: ci-info: |   0   |  fe80::/64  |    ::   |   enp0s3  |   U   |
[   46.983591] cloud-init[955]: ci-info: |   4   |   ff00::/8  |    ::   |   enp0s3  |   U   |
[   46.983680] cloud-init[955]: ci-info: +-------+-------------+---------+-----------+-------+
[0;32m  OK  [0m] Reached target System Initialization.
[[0;32m  OK  [0m] Started ACPI Events Check.
[[0;32m  OK  [0m] Reached target Paths.
[[0;32m  OK  [0m] Listening on ACPID Listen Socket.
[[0;32m  OK  [0m] Started Daily apt download activities.
[[0;32m  OK  [0m] Started Daily apt upgrade and clean activities.
[[0;32m  OK  [0m] Listening on D-Bus System Message Bus Socket.
[[0;32m  OK  [0m] Listening on UUID daemon activation socket.
         Starting Socket activation for snappy daemon.
         Starting LXD - unix socket.
[[0;32m  OK  [0m] Started Daily Cleanup of Temporary Directories.
[[0;32m  OK  [0m] Reached target Timers.
[[0;32m  OK  [0m] Reached target Network is Online.
         Starting iSCSI initiator daemon (iscsid)...
[[0;32m  OK  [0m] Reached target Cloud-config availability.
[[0;32m  OK  [0m] Listening on Socket activation for snappy daemon.
[[0;32m  OK  [0m] Listening on LXD - unix socket.
[[0;32m  OK  [0m] Reached target Sockets.
[[0;32m  OK  [0m] Reached target Basic System.
         Starting LXD - container startup/shutdown...
         Starting LSB: MD monitoring daemon...
         Starting vboxadd.service...
[[0;32m  OK  [0m] Started Unattended Upgrades Shutdown.
[[0;32m  OK  [0m] Started Regular background program processing daemon.
[[0;32m  OK  [0m] Started FUSE filesystem for LXC.
         Starting Login Service...
[[0;32m  OK  [0m] Started D-Bus System Message Bus.
[[0;32m  OK  [0m] Started Deferred execution scheduler.
         Starting /etc/rc.local Compatibility...
         Starting System Logging Service...
         Starting LSB: Record successful boot for GRUB...
[[0;32m  OK  [0m] Started ACPI event daemon.
         Starting MySQL Community Server...
         Starting Accounts Service...
         Starting OpenBSD Secure Shell server...
         Starting Snappy daemon...
[[0;32m  OK  [0m] Started iSCSI initiator daemon (iscsid).
[[0;32m  OK  [0m] Started vboxadd.service.
[[0;32m  OK  [0m] Started /etc/rc.local Compatibility.
[[0;32m  OK  [0m] Started System Logging Service.
         Starting vboxadd-service.service...
         Starting Login to default iSCSI targets...
[[0;32m  OK  [0m] Started Login Service.
[[0;32m  OK  [0m] Started LSB: MD monitoring daemon.
[[0;32m  OK  [0m] Started LXD - container startup/shutdown.
[[0;1;31mFAILED[0m] Failed to start vboxadd-service.service.
See 'systemctl status vboxadd-service.service' for details.
[[0;32m  OK  [0m] Started LSB: Record successful boot for GRUB.
[[0;32m  OK  [0m] Started Login to default iSCSI targets.
[[0;32m  OK  [0m] Started OpenBSD Secure Shell server.
         Starting Authenticate and Authorize Users to Run Privileged Tasks...
[[0;32m  OK  [0m] Reached target Remote File Systems (Pre).
[[0;32m  OK  [0m] Reached target Remote File Systems.
         Starting LSB: Set the CPU Frequency Scaling governor to "ondemand"...
         Starting LSB: automatic crash report generation...
         Starting Permit User Sessions...
         Starting LSB: daemon to balance interrupts for SMP systems...
[[0;32m  OK  [0m] Started Authenticate and Authorize Users to Run Privileged Tasks.
[[0;32m  OK  [0m] Started Permit User Sessions.
[[0;32m  OK  [0m] Started Accounts Service.
[[0;32m  OK  [0m] Started LSB: Set the CPU Frequency Scaling governor to "ondemand".
         Starting Terminate Plymouth Boot Screen...
         Starting Hold until boot process finishes up...
[[0;32m  OK  [0m] Started LSB: daemon to balance interrupts for SMP systems.
[[0;32m  OK  [0m] Started LSB: automatic crash report generation.
[[0;32m  OK  [0m] Started Terminate Plymouth Boot Screen.
[[0;32m  OK  [0m] Started Hold until boot process finishes up.
[[0;32m  OK  [0m] Started Getty on tty1.
[[0;32m  OK  [0m] Started Serial Getty on ttyS0.
[[0;32m  OK  [0m] Reached target Login Prompts.
         Starting Set console scheme...
[[0;32m  OK  [0m] Started Set console scheme.
[[0;32m  OK  [0m] Started Snappy daemon.
         Starting Wait until snapd is fully seeded...
[[0;32m  OK  [0m] Started Wait until snapd is fully seeded.
         Starting Apply the settings specified in cloud-config...
[[0;32m  OK  [0m] Created slice User Slice of vagrant.
         Starting User Manager for UID 1000...
[[0;32m  OK  [0m] Started Session 1 of user vagrant.
[[0;32m  OK  [0m] Started User Manager for UID 1000.
[   52.670722] cloud-init[1228]: Cloud-init v. 18.5-45-g3554ffe8-0ubuntu1~16.04.1 running 'modules:config' at Wed, 22 May 2019 15:23:41 +0000. Up 52.13 seconds.
[[0;32m  OK  [0m] Started Apply the settings specified in cloud-config.
[[0;32m  OK  [0m] Started MySQL Community Server.
[[0;32m  OK  [0m] Reached target Multi-User System.
         Starting Execute cloud user/final scripts...
[[0;32m  OK  [0m] Reached target Graphical Interface.
         Starting Update UTMP about System Runlevel Changes...
[[0;32m  OK  [0m] Started Update UTMP about System Runlevel Changes.
[   56.461642] cloud-init[1405]: Cloud-init v. 18.5-45-g3554ffe8-0ubuntu1~16.04.1 running 'modules:final' at Wed, 22 May 2019 15:23:45 +0000. Up 55.86 seconds.
[   56.504980] cloud-init[1405]: Cloud-init v. 18.5-45-g3554ffe8-0ubuntu1~16.04.1 finished at Wed, 22 May 2019 15:23:46 +0000. Datasource DataSourceNoCloud [seed=/dev/sdb][dsmode=net].  Up 56.45 seconds

Ubuntu 16.04.6 LTS ubuntu-xenial ttyS0

ubuntu-xenial login: 